Component: ARM Compiler 5.06 update 6 (build 750) Tool: armlink [4d35ed]

==============================================================================

Section Cross References

    startup_stm32f10x_hd.o(RESET) refers to startup_stm32f10x_hd.o(STACK) for __initial_sp
    startup_stm32f10x_hd.o(RESET) refers to startup_stm32f10x_hd.o(.text) for Reset_Handler
    startup_stm32f10x_hd.o(RESET) refers to stm32f10x_it.o(i.NMI_Handler) for NMI_Handler
    startup_stm32f10x_hd.o(RESET) refers to stm32f10x_it.o(i.HardFault_Handler) for HardFault_Handler
    startup_stm32f10x_hd.o(RESET) refers to stm32f10x_it.o(i.MemManage_Handler) for MemManage_Handler
    startup_stm32f10x_hd.o(RESET) refers to stm32f10x_it.o(i.BusFault_Handler) for BusFault_Handler
    startup_stm32f10x_hd.o(RESET) refers to stm32f10x_it.o(i.UsageFault_Handler) for UsageFault_Handler
    startup_stm32f10x_hd.o(RESET) refers to stm32f10x_it.o(i.SVC_Handler) for SVC_Handler
    startup_stm32f10x_hd.o(RESET) refers to stm32f10x_it.o(i.DebugMon_Handler) for DebugMon_Handler
    startup_stm32f10x_hd.o(RESET) refers to stm32f10x_it.o(i.PendSV_Handler) for PendSV_Handler
    startup_stm32f10x_hd.o(RESET) refers to stm32f10x_it.o(i.SysTick_Handler) for SysTick_Handler
    startup_stm32f10x_hd.o(RESET) refers to stm32f10x_it.o(i.TIM3_IRQHandler) for TIM3_IRQHandler
    startup_stm32f10x_hd.o(RESET) refers to stm32f10x_it.o(i.TIM4_IRQHandler) for TIM4_IRQHandler
    startup_stm32f10x_hd.o(RESET) refers to stm32f10x_it.o(i.USART3_IRQHandler) for USART3_IRQHandler
    startup_stm32f10x_hd.o(RESET) refers to stm32f10x_it.o(i.UART5_IRQHandler) for UART5_IRQHandler
    startup_stm32f10x_hd.o(.text) refers to system_stm32f10x.o(i.SystemInit) for SystemInit
    startup_stm32f10x_hd.o(.text) refers to entry.o(.ARM.Collect$$$$00000000) for __main
    system_stm32f10x.o(i.SetSysClock) refers to system_stm32f10x.o(i.SetSysClockTo72) for SetSysClockTo72
    system_stm32f10x.o(i.SystemCoreClockUpdate) refers to system_stm32f10x.o(.data) for SystemCoreClock
    system_stm32f10x.o(i.SystemInit) refers to system_stm32f10x.o(i.SetSysClock) for SetSysClock
    stm32f10x_adc.o(i.ADC_DeInit) refers to stm32f10x_rcc.o(i.RCC_APB2PeriphResetCmd) for RCC_APB2PeriphResetCmd
    stm32f10x_bkp.o(i.BKP_DeInit) refers to stm32f10x_rcc.o(i.RCC_BackupResetCmd) for RCC_BackupResetCmd
    stm32f10x_can.o(i.CAN_DeInit) refers to stm32f10x_rcc.o(i.RCC_APB1PeriphResetCmd) for RCC_APB1PeriphResetCmd
    stm32f10x_can.o(i.CAN_GetITStatus) refers to stm32f10x_can.o(i.CheckITStatus) for CheckITStatus
    stm32f10x_cec.o(i.CEC_DeInit) refers to stm32f10x_rcc.o(i.RCC_APB1PeriphResetCmd) for RCC_APB1PeriphResetCmd
    stm32f10x_dac.o(i.DAC_DeInit) refers to stm32f10x_rcc.o(i.RCC_APB1PeriphResetCmd) for RCC_APB1PeriphResetCmd
    stm32f10x_flash.o(i.FLASH_EnableWriteProtection) refers to stm32f10x_flash.o(i.FLASH_WaitForLastOperation) for FLASH_WaitForLastOperation
    stm32f10x_flash.o(i.FLASH_EraseAllBank1Pages) refers to stm32f10x_flash.o(i.FLASH_WaitForLastBank1Operation) for FLASH_WaitForLastBank1Operation
    stm32f10x_flash.o(i.FLASH_EraseAllPages) refers to stm32f10x_flash.o(i.FLASH_WaitForLastOperation) for FLASH_WaitForLastOperation
    stm32f10x_flash.o(i.FLASH_EraseOptionBytes) refers to stm32f10x_flash.o(i.FLASH_GetReadOutProtectionStatus) for FLASH_GetReadOutProtectionStatus
    stm32f10x_flash.o(i.FLASH_EraseOptionBytes) refers to stm32f10x_flash.o(i.FLASH_WaitForLastOperation) for FLASH_WaitForLastOperation
    stm32f10x_flash.o(i.FLASH_ErasePage) refers to stm32f10x_flash.o(i.FLASH_WaitForLastOperation) for FLASH_WaitForLastOperation
    stm32f10x_flash.o(i.FLASH_ProgramHalfWord) refers to stm32f10x_flash.o(i.FLASH_WaitForLastOperation) for FLASH_WaitForLastOperation
    stm32f10x_flash.o(i.FLASH_ProgramOptionByteData) refers to stm32f10x_flash.o(i.FLASH_WaitForLastOperation) for FLASH_WaitForLastOperation
    stm32f10x_flash.o(i.FLASH_ProgramWord) refers to stm32f10x_flash.o(i.FLASH_WaitForLastOperation) for FLASH_WaitForLastOperation
    stm32f10x_flash.o(i.FLASH_ReadOutProtection) refers to stm32f10x_flash.o(i.FLASH_WaitForLastOperation) for FLASH_WaitForLastOperation
    stm32f10x_flash.o(i.FLASH_UserOptionByteConfig) refers to stm32f10x_flash.o(i.FLASH_WaitForLastOperation) for FLASH_WaitForLastOperation
    stm32f10x_flash.o(i.FLASH_WaitForLastBank1Operation) refers to stm32f10x_flash.o(i.FLASH_GetBank1Status) for FLASH_GetBank1Status
    stm32f10x_flash.o(i.FLASH_WaitForLastOperation) refers to stm32f10x_flash.o(i.FLASH_GetBank1Status) for FLASH_GetBank1Status
    stm32f10x_gpio.o(i.GPIO_AFIODeInit) refers to stm32f10x_rcc.o(i.RCC_APB2PeriphResetCmd) for RCC_APB2PeriphResetCmd
    stm32f10x_gpio.o(i.GPIO_DeInit) refers to stm32f10x_rcc.o(i.RCC_APB2PeriphResetCmd) for RCC_APB2PeriphResetCmd
    stm32f10x_i2c.o(i.I2C_DeInit) refers to stm32f10x_rcc.o(i.RCC_APB1PeriphResetCmd) for RCC_APB1PeriphResetCmd
[...]
    Removing stm32f10x_tim.o(i.TIM_ARRPreloadConfig), (24 bytes).
    Removing stm32f10x_tim.o(i.TIM_BDTRConfig), (32 bytes).
    Removing stm32f10x_tim.o(i.TIM_BDTRStructInit), (18 bytes).
    Removing stm32f10x_tim.o(i.TIM_CCPreloadControl), (24 bytes).
    Removing stm32f10x_tim.o(i.TIM_CCxCmd), (30 bytes).
    Removing stm32f10x_tim.o(i.TIM_CCxNCmd), (30 bytes).
    Removing stm32f10x_tim.o(i.TIM_ClearFlag), (6 bytes).
    Removing stm32f10x_tim.o(i.TIM_ClearOC1Ref), (18 bytes).
    Removing stm32f10x_tim.o(i.TIM_ClearOC2Ref), (24 bytes).
    Removing stm32f10x_tim.o(i.TIM_ClearOC3Ref), (18 bytes).
    Removing stm32f10x_tim.o(i.TIM_ClearOC4Ref), (24 bytes).
    Removing stm32f10x_tim.o(i.TIM_CounterModeConfig), (18 bytes).
    Removing stm32f10x_tim.o(i.TIM_DMACmd), (18 bytes).
    Removing stm32f10x_tim.o(i.TIM_DMAConfig), (10 bytes).
    Removing stm32f10x_tim.o(i.TIM_DeInit), (488 bytes).
    Removing stm32f10x_tim.o(i.TIM_ETRClockMode1Config), (54 bytes).
    Removing stm32f10x_tim.o(i.TIM_ETRClockMode2Config), (32 bytes).
    Removing stm32f10x_tim.o(i.TIM_ETRConfig), (28 bytes).
    Removing stm32f10x_tim.o(i.TIM_EncoderInterfaceConfig), (66 bytes).
    Removing stm32f10x_tim.o(i.TIM_ForcedOC1Config), (18 bytes).
    Removing stm32f10x_tim.o(i.TIM_ForcedOC2Config), (26 bytes).
    Removing stm32f10x_tim.o(i.TIM_ForcedOC3Config), (18 bytes).
    Removing stm32f10x_tim.o(i.TIM_ForcedOC4Config), (26 bytes).
    Removing stm32f10x_tim.o(i.TIM_GenerateEvent), (4 bytes).
    Removing stm32f10x_tim.o(i.TIM_GetCapture3), (6 bytes).
    Removing stm32f10x_tim.o(i.TIM_GetCapture4), (8 bytes).
    Removing stm32f10x_tim.o(i.TIM_GetCounter), (6 bytes).
    Removing stm32f10x_tim.o(i.TIM_GetFlagStatus), (18 bytes).
    Removing stm32f10x_tim.o(i.TIM_GetITStatus), (34 bytes).
    Removing stm32f10x_tim.o(i.TIM_GetPrescaler), (6 bytes).
    Removing stm32f10x_tim.o(i.TIM_ICInit), (172 bytes).
    Removing stm32f10x_tim.o(i.TIM_ICStructInit), (18 bytes).
    Removing stm32f10x_tim.o(i.TIM_ITRxExternalClockConfig), (24 bytes).
    Removing stm32f10x_tim.o(i.TIM_InternalClockConfig), (12 bytes).
    Removing stm32f10x_tim.o(i.TIM_OC1FastConfig), (18 bytes).
    Removing stm32f10x_tim.o(i.TIM_OC1NPolarityConfig), (18 bytes).
    Removing stm32f10x_tim.o(i.TIM_OC1PolarityConfig), (18 bytes).
    Removing stm32f10x_tim.o(i.TIM_OC2FastConfig), (26 bytes).
    Removing stm32f10x_tim.o(i.TIM_OC2NPolarityConfig), (26 bytes).
    Removing stm32f10x_tim.o(i.TIM_OC2PolarityConfig), (26 bytes).
    Removing stm32f10x_tim.o(i.TIM_OC3FastConfig), (18 bytes).
    Removing stm32f10x_tim.o(i.TIM_OC3NPolarityConfig), (26 bytes).
    Removing stm32f10x_tim.o(i.TIM_OC3PolarityConfig), (26 bytes).
    Removing stm32f10x_tim.o(i.TIM_OC4FastConfig), (26 bytes).
    Removing stm32f10x_tim.o(i.TIM_OC4PolarityConfig), (26 bytes).
    Removing stm32f10x_tim.o(i.TIM_OCStructInit), (20 bytes).
    Removing stm32f10x_tim.o(i.TIM_PrescalerConfig), (6 bytes).
    Removing stm32f10x_tim.o(i.TIM_SelectCCDMA), (24 bytes).
    Removing stm32f10x_tim.o(i.TIM_SelectCOM), (24 bytes).
    Removing stm32f10x_tim.o(i.TIM_SelectHallSensor), (24 bytes).
    Removing stm32f10x_tim.o(i.TIM_SelectOCxM), (82 bytes).
    Removing stm32f10x_tim.o(i.TIM_SelectOnePulseMode), (18 bytes).
    Removing stm32f10x_tim.o(i.TIM_SelectOutputTrigger), (18 bytes).
    Removing stm32f10x_tim.o(i.TIM_SetAutoreload), (4 bytes).
    Removing stm32f10x_tim.o(i.TIM_SetClockDivision), (18 bytes).
    Removing stm32f10x_tim.o(i.TIM_SetCompare1), (4 bytes).
    Removing stm32f10x_tim.o(i.TIM_SetCompare2), (4 bytes).
    Removing stm32f10x_tim.o(i.TIM_SetCompare3), (4 bytes).
    Removing stm32f10x_tim.o(i.TIM_SetCompare4), (6 bytes).
    Removing stm32f10x_tim.o(i.TIM_SetCounter), (4 bytes).
    Removing stm32f10x_tim.o(i.TIM_SetIC3Prescaler), (18 bytes).
    Removing stm32f10x_tim.o(i.TIM_SetIC4Prescaler), (26 bytes).
    Removing stm32f10x_tim.o(i.TIM_TIxExternalClockConfig), (62 bytes).
    Removing stm32f10x_tim.o(i.TIM_TimeBaseStructInit), (18 bytes).
    Removing stm32f10x_tim.o(i.TIM_UpdateDisableConfig), (24 bytes).
    Removing stm32f10x_tim.o(i.TIM_UpdateRequestConfig), (24 bytes).
    Removing stm32f10x_usart.o(i.USART_ClearFlag), (18 bytes).
    Removing stm32f10x_usart.o(i.USART_ClockInit), (34 bytes).
    Removing stm32f10x_usart.o(i.USART_ClockStructInit), (12 bytes).
    Removing stm32f10x_usart.o(i.USART_DMACmd), (18 bytes).
    Removing stm32f10x_usart.o(i.USART_DeInit), (156 bytes).
    Removing stm32f10x_usart.o(i.USART_HalfDuplexCmd), (24 bytes).
    Removing stm32f10x_usart.o(i.USART_IrDACmd), (24 bytes).
    Removing stm32f10x_usart.o(i.USART_IrDAConfig), (18 bytes).
    Removing stm32f10x_usart.o(i.USART_LINBreakDetectLengthConfig), (18 bytes).
    Removing stm32f10x_usart.o(i.USART_LINCmd), (24 bytes).
    Removing stm32f10x_usart.o(i.USART_OneBitMethodCmd), (24 bytes).
    Removing stm32f10x_usart.o(i.USART_OverSampling8Cmd), (22 bytes).
    Removing stm32f10x_usart.o(i.USART_ReceiverWakeUpCmd), (24 bytes).
    Removing stm32f10x_usart.o(i.USART_SendBreak), (10 bytes).
    Removing stm32f10x_usart.o(i.USART_SetAddress), (18 bytes).
    Removing stm32f10x_usart.o(i.USART_SetGuardTime), (16 bytes).
    Removing stm32f10x_usart.o(i.USART_SetPrescaler), (16 bytes).
    Removing stm32f10x_usart.o(i.USART_SmartCardCmd), (24 bytes).
    Removing stm32f10x_usart.o(i.USART_SmartCardNACKCmd), (24 bytes).
    Removing stm32f10x_usart.o(i.USART_StructInit), (24 bytes).
    Removing stm32f10x_usart.o(i.USART_WakeUpConfig), (18 bytes).
    Removing stm32f10x_wwdg.o(i.WWDG_ClearFlag), (12 bytes).
    Removing stm32f10x_wwdg.o(i.WWDG_DeInit), (22 bytes).
    Removing stm32f10x_wwdg.o(i.WWDG_Enable), (16 bytes).
    Removing stm32f10x_wwdg.o(i.WWDG_EnableIT), (12 bytes).
    Removing stm32f10x_wwdg.o(i.WWDG_GetFlagStatus), (12 bytes).
    Removing stm32f10x_wwdg.o(i.WWDG_SetCounter), (16 bytes).
    Removing stm32f10x_wwdg.o(i.WWDG_SetPrescaler), (24 bytes).
    Removing stm32f10x_wwdg.o(i.WWDG_SetWindowValue), (40 bytes).
    Removing main.o(i.LCD_Printn), (76 bytes).
    Removing main.o(i.LCD_Prints), (50 bytes).
    Removing main.o(i.NanoIOHigh), (36 bytes).
    Removing main.o(i.OneSideAction), (160 bytes).
    Removing main.o(i.Test1), (308 bytes).
    Removing main.o(i.Test2), (220 bytes).
    Removing bsp_ili9341_lcd.o(i.ILI9341_BackLed_Control), (32 bytes).
    Removing bsp_ili9341_lcd.o(i.ILI9341_Clear), (44 bytes).
    Removing bsp_ili9341_lcd.o(i.ILI9341_Delay), (18 bytes).
    Removing bsp_ili9341_lcd.o(i.ILI9341_DispChar_CH), (132 bytes).
    Removing bsp_ili9341_lcd.o(i.ILI9341_DispChar_EN), (152 bytes).
    Removing bsp_ili9341_lcd.o(i.ILI9341_DispStringLine_EN), (104 bytes).
    Removing bsp_ili9341_lcd.o(i.ILI9341_DispStringLine_EN_CH), (180 bytes).
    Removing bsp_ili9341_lcd.o(i.ILI9341_DispString_CH), (96 bytes).
    Removing bsp_ili9341_lcd.o(i.ILI9341_DispString_EN), (104 bytes).
    Removing bsp_ili9341_lcd.o(i.ILI9341_DispString_EN_CH), (180 bytes).
    Removing bsp_ili9341_lcd.o(i.ILI9341_DispString_EN_CH_YDir), (120 bytes).
    Removing bsp_ili9341_lcd.o(i.ILI9341_DispString_EN_YDir), (104 bytes).
    Removing bsp_ili9341_lcd.o(i.ILI9341_DisplayStringEx), (264 bytes).
    Removing bsp_ili9341_lcd.o(i.ILI9341_DisplayStringEx_YDir), (268 bytes).
    Removing bsp_ili9341_lcd.o(i.ILI9341_DrawChar_Ex), (100 bytes).
    Removing bsp_ili9341_lcd.o(i.ILI9341_DrawCircle), (312 bytes).
    Removing bsp_ili9341_lcd.o(i.ILI9341_DrawLine), (160 bytes).
    Removing bsp_ili9341_lcd.o(i.ILI9341_DrawRectangle), (136 bytes).
    Removing bsp_ili9341_lcd.o(i.ILI9341_FSMC_Config), (114 bytes).
    Removing bsp_ili9341_lcd.o(i.ILI9341_FillColor), (32 bytes).
    Removing bsp_ili9341_lcd.o(i.ILI9341_GPIO_Config), (412 bytes).
    Removing bsp_ili9341_lcd.o(i.ILI9341_GetPointPixel), (24 bytes).
    Removing bsp_ili9341_lcd.o(i.ILI9341_GramScan), (224 bytes).
    Removing bsp_ili9341_lcd.o(i.ILI9341_Init), (40 bytes).
    Removing bsp_ili9341_lcd.o(i.ILI9341_OpenWindow), (96 bytes).
    Removing bsp_ili9341_lcd.o(i.ILI9341_REG_Config), (1104 bytes).
    Removing bsp_ili9341_lcd.o(i.ILI9341_ReadID), (116 bytes).
    Removing bsp_ili9341_lcd.o(i.ILI9341_Read_PixelData), (52 bytes).
    Removing bsp_ili9341_lcd.o(i.ILI9341_Rst), (44 bytes).
    Removing bsp_ili9341_lcd.o(i.ILI9341_SetCursor), (20 bytes).
    Removing bsp_ili9341_lcd.o(i.ILI9341_SetPointPixel), (56 bytes).
    Removing bsp_ili9341_lcd.o(i.ILI9341_zoomChar), (388 bytes).
    Removing bsp_ili9341_lcd.o(i.LCD_ClearLine), (32 bytes).
    Removing bsp_ili9341_lcd.o(i.LCD_GetColors), (24 bytes).
    Removing bsp_ili9341_lcd.o(i.LCD_GetFont), (12 bytes).
    Removing bsp_ili9341_lcd.o(i.LCD_SetBackColor), (12 bytes).
    Removing bsp_ili9341_lcd.o(i.LCD_SetColors), (20 bytes).
    Removing bsp_ili9341_lcd.o(i.LCD_SetFont), (12 bytes).
    Removing bsp_ili9341_lcd.o(i.LCD_SetTextColor), (12 bytes).
    Removing bsp_ili9341_lcd.o(.bss), (17408 bytes).
    Removing bsp_ili9341_lcd.o(.data), (16 bytes).
    Removing fonts.o(i.GetGBKCode_from_EXFlash), (84 bytes).
    Removing fonts.o(.constdata), (15200 bytes).
    Removing fonts.o(.data), (25 bytes).
    Removing bsp_spi_flash.o(i.SPI_FLASH_BufferRead), (80 bytes).
    Removing bsp_spi_flash.o(i.SPI_FLASH_BufferWrite), (290 bytes).
    Removing bsp_spi_flash.o(i.SPI_FLASH_BulkErase), (40 bytes).
    Removing bsp_spi_flash.o(i.SPI_FLASH_Init), (188 bytes).
    Removing bsp_spi_flash.o(i.SPI_FLASH_PageWrite), (156 bytes).
    Removing bsp_spi_flash.o(i.SPI_FLASH_ReadByte), (10 bytes).
    Removing bsp_spi_flash.o(i.SPI_FLASH_ReadDeviceID), (60 bytes).
    Removing bsp_spi_flash.o(i.SPI_FLASH_ReadID), (80 bytes).
    Removing bsp_spi_flash.o(i.SPI_FLASH_SectorErase), (68 bytes).
    Removing bsp_spi_flash.o(i.SPI_FLASH_SendByte), (120 bytes).
    Removing bsp_spi_flash.o(i.SPI_FLASH_SendHalfWord), (112 bytes).
    Removing bsp_spi_flash.o(i.SPI_FLASH_StartReadSequence), (48 bytes).
    Removing bsp_spi_flash.o(i.SPI_FLASH_WaitForWriteEnd), (52 bytes).
    Removing bsp_spi_flash.o(i.SPI_FLASH_WriteEnable), (32 bytes).
    Removing bsp_spi_flash.o(i.SPI_Flash_PowerDown), (32 bytes).
    Removing bsp_spi_flash.o(i.SPI_Flash_WAKEUP), (32 bytes).
    Removing bsp_spi_flash.o(i.SPI_TIMEOUT_UserCallback), (64 bytes).
    Removing bsp_spi_flash.o(.data), (4 bytes).
    Removing systick.o(i.SysTick_Delay_us), (54 bytes).
    Removing gpio.o(i.Nano_Read), (108 bytes).
    Removing usart.o(i.IMU_Put_Char), (48 bytes).
    Removing usart.o(i.IMU_Put_String), (46 bytes).
    Removing usart.o(i.IMU_sendcmd), (24 bytes).
    Removing usart.o(i.MoveServos), (144 bytes).
    Removing usart.o(i.NanoCatch), (136 bytes).
    Removing usart.o(i.NanoStart), (16 bytes).
    Removing usart.o(i.Usart_SendArray), (48 bytes).
    Removing usart.o(i.Usart_SendHalfWord), (88 bytes).
    Removing usart.o(i.Usart_SendString), (42 bytes).
    Removing move.o(i.Back), (592 bytes).
    Removing move.o(i.Back_Front), (308 bytes).
    Removing move.o(i.Back_Front_Start), (188 bytes).
    Removing move.o(i.Catch), (296 bytes).
    Removing move.o(i.Forward), (584 bytes).
    Removing move.o(i.Forward_Front), (308 bytes).
    Removing move.o(i.Front_Back), (616 bytes).
    Removing move.o(i.Left), (300 bytes).
    Removing move.o(i.Left_MPU), (172 bytes).
    Removing move.o(i.PID), (816 bytes).
    Removing move.o(i.PIDBack), (792 bytes).
    Removing move.o(i.Right), (300 bytes).
    Removing move.o(i.Right_MPU), (180 bytes).
    Removing move.o(i.Stop_Forward), (80 bytes).
    Removing move.o(i.Stop_Left), (28 bytes).
    Removing move.o(i.Stop_Right), (28 bytes).
    Removing move.o(i.TrunTo_MPU), (208 bytes).
    Removing i2c.o(i.i2c_CheckDevice), (32 bytes).
    Removing i2c.o(.data), (4 bytes).
    Removing mpu6050.o(i.MPU6050ReadAcc), (64 bytes).
    Removing mpu6050.o(i.MPU6050ReadID), (32 bytes).
    Removing mpu6050.o(i.MPU6050_ReadAngle), (40 bytes).
    Removing mpu6050.o(.data), (4 bytes).
    Removing ffixi.o(.text), (50 bytes).
    Removing dfixul.o(.text), (48 bytes).
    Removing cdrcmple.o(.text), (48 bytes).
    Removing bsp_ili9341_lcd.o(i.ILI9341_Write_Cmd), (8 bytes).
    Removing bsp_ili9341_lcd.o(i.ILI9341_Write_Data), (8 bytes).
    Removing bsp_ili9341_lcd.o(i.ILI9341_Read_Data), (8 bytes).

543 unused section(s) (total 64555 bytes) removed from the image.

==============================================================================

Image Symbol Table

    Local Symbols

    Symbol Name                              Value     Ov Type        Size  Object(Section)

    ../clib/../cmprslib/zerorunl2.c          0x00000000   Number         0  __dczerorl2.o ABSOLUTE
    ../clib/microlib/division.c              0x00000000   Number         0  uldiv.o ABSOLUTE
    ../clib/microlib/division.c              0x00000000   Number         0  uidiv.o ABSOLUTE
    ../clib/microlib/init/entry.s            0x00000000   Number         0  entry7b.o ABSOLUTE
    ../clib/microlib/init/entry.s            0x00000000   Number         0  entry7a.o ABSOLUTE
    ../clib/microlib/init/entry.s            0x00000000   Number         0  entry5.o ABSOLUTE
    ../clib/microlib/init/entry.s            0x00000000   Number         0  entry11b.o ABSOLUTE
    ../clib/microlib/init/entry.s            0x00000000   Number         0  entry11a.o ABSOLUTE
    ../clib/microlib/init/entry.s            0x00000000   Number         0  entry.o ABSOLUTE
    ../clib/microlib/init/entry.s            0x00000000   Number         0  entry10b.o ABSOLUTE
    ../clib/microlib/init/entry.s            0x00000000   Number         0  entry2.o ABSOLUTE
    ../clib/microlib/init/entry.s            0x00000000   Number         0  entry10a.o ABSOLUTE
    ../clib/microlib/init/entry.s            0x00000000   Number         0  entry9b.o ABSOLUTE
    ../clib/microlib/init/entry.s            0x00000000   Number         0  entry9a.o ABSOLUTE
    ../clib/microlib/init/entry.s            0x00000000   Number         0  entry8b.o ABSOLUTE
    ../clib/microlib/init/entry.s            0x00000000   Number         0  entry8a.o ABSOLUTE
    ../clib/microlib/longlong.c              0x00000000   Number         0  llshl.o ABSOLUTE
    ../clib/microlib/longlong.c              0x00000000   Number         0  llsshr.o ABSOLUTE
    ../clib/microlib/longlong.c              0x00000000   Number         0  llushr.o ABSOLUTE
    ../clib/microlib/printf/printf.c         0x00000000   Number         0  printf7.o ABSOLUTE
    ../clib/microlib/printf/printf.c         0x00000000   Number         0  printf1.o ABSOLUTE
    ../clib/microlib/printf/printf.c         0x00000000   Number         0  printf2.o ABSOLUTE
    ../clib/microlib/printf/printf.c         0x00000000   Number         0  printf3.o ABSOLUTE
    ../clib/microlib/printf/printf.c         0x00000000   Number         0  printf5.o ABSOLUTE
    ../clib/microlib/printf/printf.c         0x00000000   Number         0  printf4.o ABSOLUTE
    ../clib/microlib/printf/printf.c         0x00000000   Number         0  printf6.o ABSOLUTE
    ../clib/microlib/printf/printf.c         0x00000000   Number         0  printf0.o ABSOLUTE
    ../clib/microlib/printf/printf.c         0x00000000   Number         0  printfb.o ABSOLUTE
    ../clib/microlib/printf/printf.c         0x00000000   Number         0  printf8.o ABSOLUTE
    ../clib/microlib/printf/printf.c         0x00000000   Number         0  printfa.o ABSOLUTE
    ../clib/microlib/printf/stubs.s          0x00000000   Number         0  stubs.o ABSOLUTE
    ../clib/microlib/stdio/fputc.c           0x00000000   Number         0  fputc.o ABSOLUTE
    ../clib/microlib/stdio/semi.s            0x00000000   Number         0  semi.o ABSOLUTE
    ../clib/microlib/stdio/streams.c         0x00000000   Number         0  stdout.o ABSOLUTE
    ../clib/microlib/string/memcpy.c         0x00000000   Number         0  memcpyb.o ABSOLUTE
    ../clib/microlib/string/memcpy.c         0x00000000   Number         0  memcpya.o ABSOLUTE
    ../clib/microlib/string/memset.c         0x00000000   Number         0  memseta.o ABSOLUTE
    ../clib/microlib/stubs.s                 0x00000000   Number         0  iusefp.o ABSOLUTE
    ../clib/microlib/stubs.s                 0x00000000   Number         0  iusesemip.o ABSOLUTE
    ../fplib/microlib/d2f.c                  0x00000000   Number         0  d2f.o ABSOLUTE
    ../fplib/microlib/fpadd.c                0x00000000   Number         0  dadd.o ABSOLUTE
    ../fplib/microlib/fpadd.c                0x00000000   Number         0  fadd.o ABSOLUTE
    ../fplib/microlib/fpdiv.c                0x00000000   Number         0  ddiv.o ABSOLUTE
    ../fplib/microlib/fpdiv.c                0x00000000   Number         0  fdiv.o ABSOLUTE
    ../fplib/microlib/fpepilogue.c           0x00000000   Number         0  depilogue.o ABSOLUTE
    ../fplib/microlib/fpepilogue.c           0x00000000   Number         0  fepilogue.o ABSOLUTE
    ../fplib/microlib/fpfix.c                0x00000000   Number         0  ffixi.o ABSOLUTE
    ../fplib/microlib/fpfix.c                0x00000000   Number         0  dfixul.o ABSOLUTE
    ../fplib/microlib/fpfix.c                0x00000000   Number         0  dfixi.o ABSOLUTE
    ../fplib/microlib/fpfix.c                0x00000000   Number         0  dfixui.o ABSOLUTE
    ../fplib/microlib/fpflt.c                0x00000000   Number         0  fflti.o ABSOLUTE
    ../fplib/microlib/fpflt.c                0x00000000   Number         0  dflti.o ABSOLUTE
    ../fplib/microlib/fpmul.c                0x00000000   Number         0  fmul.o ABSOLUTE
    ../fplib/microlib/fpmul.c                0x00000000   Number         0  dmul.o ABSOLUTE
    ..\..\Libraries\CMSIS\core_cm3.c         0x00000000   Number         0  core_cm3.o ABSOLUTE
    ..\..\Libraries\CMSIS\startup\startup_stm32f10x_hd.s 0x00000000   Number         0  startup_stm32f10x_hd.o ABSOLUTE
    ..\..\Libraries\CMSIS\system_stm32f10x.c 0x00000000   Number         0  system_stm32f10x.o ABSOLUTE
    ..\..\Libraries\FWlib\src\misc.c         0x00000000   Number         0  misc.o ABSOLUTE
    ..\..\Libraries\FWlib\src\stm32f10x_adc.c 0x00000000   Number         0  stm32f10x_adc.o ABSOLUTE
    ..\..\Libraries\FWlib\src\stm32f10x_bkp.c 0x00000000   Number         0  stm32f10x_bkp.o ABSOLUTE
    ..\..\Libraries\FWlib\src\stm32f10x_can.c 0x00000000   Number         0  stm32f10x_can.o ABSOLUTE
    ..\..\Libraries\FWlib\src\stm32f10x_cec.c 0x00000000   Number         0  stm32f10x_cec.o ABSOLUTE
    ..\..\Libraries\FWlib\src\stm32f10x_crc.c 0x00000000   Number         0  stm32f10x_crc.o ABSOLUTE
    ..\..\Libraries\FWlib\src\stm32f10x_dac.c 0x00000000   Number         0  stm32f10x_dac.o ABSOLUTE
    ..\..\Libraries\FWlib\src\stm32f10x_dbgmcu.c 0x00000000   Number         0  stm32f10x_dbgmcu.o ABSOLUTE
    ..\..\Libraries\FWlib\src\stm32f10x_dma.c 0x00000000   Number         0  stm32f10x_dma.o ABSOLUTE
    ..\..\Libraries\FWlib\src\stm32f10x_exti.c 0x00000000   Number         0  stm32f10x_exti.o ABSOLUTE
    ..\..\Libraries\FWlib\src\stm32f10x_flash.c 0x00000000   Number         0  stm32f10x_flash.o ABSOLUTE
    ..\..\Libraries\FWlib\src\stm32f10x_fsmc.c 0x00000000   Number         0  stm32f10x_fsmc.o ABSOLUTE
    ..\..\Libraries\FWlib\src\stm32f10x_gpio.c 0x00000000   Number         0  stm32f10x_gpio.o ABSOLUTE
    ..\..\Libraries\FWlib\src\stm32f10x_i2c.c 0x00000000   Number         0  stm32f10x_i2c.o ABSOLUTE
    ..\..\Libraries\FWlib\src\stm32f10x_iwdg.c 0x00000000   Number         0  stm32f10x_iwdg.o ABSOLUTE
    ..\..\Libraries\FWlib\src\stm32f10x_pwr.c 0x00000000   Number         0  stm32f10x_pwr.o ABSOLUTE
    ..\..\Libraries\FWlib\src\stm32f10x_rcc.c 0x00000000   Number         0  stm32f10x_rcc.o ABSOLUTE
    ..\..\Libraries\FWlib\src\stm32f10x_rtc.c 0x00000000   Number         0  stm32f10x_rtc.o ABSOLUTE
    ..\..\Libraries\FWlib\src\stm32f10x_sdio.c 0x00000000   Number         0  stm32f10x_sdio.o ABSOLUTE
    ..\..\Libraries\FWlib\src\stm32f10x_spi.c 0x00000000   Number         0  stm32f10x_spi.o ABSOLUTE
    ..\..\Libraries\FWlib\src\stm32f10x_tim.c 0x00000000   Number         0  stm32f10x_tim.o ABSOLUTE
    ..\..\Libraries\FWlib\src\stm32f10x_usart.c 0x00000000   Number         0  stm32f10x_usart.o ABSOLUTE
    ..\..\Libraries\FWlib\src\stm32f10x_wwdg.c 0x00000000   Number         0  stm32f10x_wwdg.o ABSOLUTE
    ..\..\User\AdvanceTim\AdvanceTim.c       0x00000000   Number         0  advancetim.o ABSOLUTE
    ..\..\User\GPIO\GPIO.c                   0x00000000   Number         0  gpio.o ABSOLUTE
    ..\..\User\I2C\I2C.c                     0x00000000   Number         0  i2c.o ABSOLUTE
    ..\..\User\Lcd\bsp_ili9341_lcd.c         0x00000000   Number         0  bsp_ili9341_lcd.o ABSOLUTE
    ..\..\User\Move\Move.c                   0x00000000   Number         0  move.o ABSOLUTE
    ..\..\User\SysTick\systick.c             0x00000000   Number         0  systick.o ABSOLUTE
    ..\..\User\USART\usart.c                 0x00000000   Number         0  usart.o ABSOLUTE
    ..\..\User\flash\bsp_spi_flash.c         0x00000000   Number         0  bsp_spi_flash.o ABSOLUTE
    ..\..\User\font\fonts.c                  0x00000000   Number         0  fonts.o ABSOLUTE
    ..\..\User\main.c                        0x00000000   Number         0  main.o ABSOLUTE
    ..\..\User\mpu6050\mpu6050.c             0x00000000   Number         0  mpu6050.o ABSOLUTE
    ..\..\User\stm32f10x_it.c                0x00000000   Number         0  stm32f10x_it.o ABSOLUTE
    ..\\..\\Libraries\\CMSIS\\core_cm3.c     0x00000000   Number         0  core_cm3.o ABSOLUTE
    cdcmple.s                                0x00000000   Number         0  cdcmple.o ABSOLUTE
    cdrcmple.s                               0x00000000   Number         0  cdrcmple.o ABSOLUTE
    dc.s                                     0x00000000   Number         0  dc.o ABSOLUTE
    handlers.s                               0x00000000   Number         0  handlers.o ABSOLUTE
    init.s                                   0x00000000   Number         0  init.o ABSOLUTE
    RESET                                    0x08000000   Section      304  startup_stm32f10x_hd.o(RESET)
    .ARM.Collect$$$$00000000                 0x08000130   Section        0  entry.o(.ARM.Collect$$$$00000000)
    .ARM.Collect$$$$00000001                 0x08000130   Section        4  entry2.o(.ARM.Collect$$$$00000001)
    .ARM.Collect$$$$00000004                 0x08000134   Section        4  entry5.o(.ARM.Collect$$$$00000004)
    .ARM.Collect$$$$00000008                 0x08000138   Section        0  entry7b.o(.ARM.Collect$$$$00000008)
    .ARM.Collect$$$$0000000A                 0x08000138   Section        0  entry8b.o(.ARM.Collect$$$$0000000A)
    .ARM.Collect$$$$0000000B                 0x08000138   Section        8  entry9a.o(.ARM.Collect$$$$0000000B)
    .ARM.Collect$$$$0000000D                 0x08000140   Section        0  entry10a.o(.ARM.Collect$$$$0000000D)
    .ARM.Collect$$$$0000000F                 0x08000140   Section        0  entry11a.o(.ARM.Collect$$$$0000000F)
    .ARM.Collect$$$$00002712                 0x08000140   Section        4  entry2.o(.ARM.Collect$$$$00002712)
    __lit__00000000                          0x08000140   Data           4  entry2.o(.ARM.Collect$$$$00002712)
    .text                                    0x08000144   Section       36  startup_stm32f10x_hd.o(.text)
    .text                                    0x08000168   Section        0  memcpya.o(.text)
    .text                                    0x0800018c   Section        0  fadd.o(.text)
    .text                                    0x0800023c   Section        0  fmul.o(.text)
    .text                                    0x080002a0   Section        0  fdiv.o(.text)
    .text                                    0x0800031c   Section        0  dadd.o(.text)
    .text                                    0x0800046a   Section        0  dmul.o(.text)
    .text                                    0x0800054e   Section        0  ddiv.o(.text)
    .text                                    0x0800062c   Section        0  fflti.o(.text)
    .text                                    0x0800063e   Section        0  dflti.o(.text)
    .text                                    0x08000660   Section        0  dfixi.o(.text)
    .text                                    0x0800069e   Section        0  dfixui.o(.text)
    .text                                    0x080006d0   Section       48  cdcmple.o(.text)
    .text                                    0x08000700   Section        0  d2f.o(.text)
    .text                                    0x08000738   Section        0  llshl.o(.text)
    .text                                    0x08000756   Section        0  llushr.o(.text)
    .text                                    0x08000776   Section        0  llsshr.o(.text)
    .text                                    0x0800079a   Section        0  fepilogue.o(.text)
    .text                                    0x0800079a   Section        0  iusefp.o(.text)
    .text                                    0x08000808   Section        0  depilogue.o(.text)
    .text                                    0x080008c4   Section       36  init.o(.text)
    .text                                    0x080008e8   Section        0  __dczerorl2.o(.text)
    i.ADVANCE_TIM_GPIO_Config                0x08000940   Section        0  advancetim.o(i.ADVANCE_TIM_GPIO_Config)
    ADVANCE_TIM_GPIO_Config                  0x08000941   Thumb Code   214  advancetim.o(i.ADVANCE_TIM_GPIO_Config)
    i.ADVANCE_TIM_Init                       0x08000a24   Section        0  advancetim.o(i.ADVANCE_TIM_Init)
    i.ADVANCE_TIM_Mode_Config                0x08000a34   Section        0  advancetim.o(i.ADVANCE_TIM_Mode_Config)
    ADVANCE_TIM_Mode_Config                  0x08000a35   Thumb Code   518  advancetim.o(i.ADVANCE_TIM_Mode_Config)
    i.ADVANCE_TIM_NVIC_Config                0x08000c4c   Section        0  advancetim.o(i.ADVANCE_TIM_NVIC_Config)
    ADVANCE_TIM_NVIC_Config                  0x08000c4d   Thumb Code    52  advancetim.o(i.ADVANCE_TIM_NVIC_Config)
    i.Back_Slide                             0x08000c80   Section        0  move.o(i.Back_Slide)
    i.BusFault_Handler                       0x08000ed0   Section        0  stm32f10x_it.o(i.BusFault_Handler)
    i.CopeSerial2Data                        0x08000ed4   Section        0  usart.o(i.CopeSerial2Data)
    i.DebugMon_Handler                       0x08000ff0   Section        0  stm32f10x_it.o(i.DebugMon_Handler)
    i.GPIO_Config                            0x08000ff4   Section        0  gpio.o(i.GPIO_Config)
    i.GPIO_High                              0x08001460   Section        0  gpio.o(i.GPIO_High)
    i.GPIO_Init                              0x08001470   Section        0  stm32f10x_gpio.o(i.GPIO_Init)
    i.GPIO_Low                               0x08001586   Section        0  gpio.o(i.GPIO_Low)
    i.GPIO_Read                              0x08001596   Section        0  gpio.o(i.GPIO_Read)
    i.GPIO_ReadInputDataBit                  0x080015aa   Section        0  stm32f10x_gpio.o(i.GPIO_ReadInputDataBit)
    i.GPIO_ResetBits                         0x080015bc   Section        0  stm32f10x_gpio.o(i.GPIO_ResetBits)
    i.GPIO_SetBits                           0x080015c0   Section        0  stm32f10x_gpio.o(i.GPIO_SetBits)
    i.HardFault_Handler                      0x080015c4   Section        0  stm32f10x_it.o(i.HardFault_Handler)
    i.MPU6050ReadGyro                        0x080015c8   Section        0  mpu6050.o(i.MPU6050ReadGyro)
    i.MPU6050_Init                           0x08001608   Section        0  mpu6050.o(i.MPU6050_Init)
    i.MPU6050_ReadData                       0x08001650   Section        0  mpu6050.o(i.MPU6050_ReadData)
    i.MPU6050_WriteReg                       0x080016a8   Section        0  mpu6050.o(i.MPU6050_WriteReg)
    i.MemManage_Handler                      0x080016d6   Section        0  stm32f10x_it.o(i.MemManage_Handler)
    i.MoveServo                              0x080016dc   Section        0  usart.o(i.MoveServo)
    i.NMI_Handler                            0x08001724   Section        0  stm32f10x_it.o(i.NMI_Handler)
    i.NVIC_Configuration                     0x08001726   Section        0  usart.o(i.NVIC_Configuration)
    NVIC_Configuration                       0x08001727   Thumb Code    72  usart.o(i.NVIC_Configuration)
    i.NVIC_Init                              0x08001770   Section        0  misc.o(i.NVIC_Init)
    i.NVIC_PriorityGroupConfig               0x080017e0   Section        0  misc.o(i.NVIC_PriorityGroupConfig)
    i.NanoIOHigh1                            0x080017f4   Section        0  main.o(i.NanoIOHigh1)
    i.NanoIOHigh2                            0x08001830   Section        0  main.o(i.NanoIOHigh2)
    i.NanoIOHigh3                            0x0800186c   Section        0  main.o(i.NanoIOHigh3)
    i.OneGridAction                          0x080018a8   Section        0  main.o(i.OneGridAction)
    i.OneGridAction_fake                     0x08001964   Section        0  main.o(i.OneGridAction_fake)
    i.PID_grab                               0x080019ec   Section        0  move.o(i.PID_grab)
    i.PendSV_Handler                         0x08001c48   Section        0  stm32f10x_it.o(i.PendSV_Handler)
    i.RCC_APB1PeriphClockCmd                 0x08001c4c   Section        0  stm32f10x_rcc.o(i.RCC_APB1PeriphClockCmd)
    i.RCC_APB2PeriphClockCmd                 0x08001c6c   Section        0  stm32f10x_rcc.o(i.RCC_APB2PeriphClockCmd)
    i.RCC_GetClocksFreq                      0x08001c8c   Section        0  stm32f10x_rcc.o(i.RCC_GetClocksFreq)
    i.SVC_Handler                            0x08001d60   Section        0  stm32f10x_it.o(i.SVC_Handler)
    i.SetSysClock                            0x08001d62   Section        0  system_stm32f10x.o(i.SetSysClock)
    SetSysClock                              0x08001d63   Thumb Code     8  system_stm32f10x.o(i.SetSysClock)
    i.SetSysClockTo72                        0x08001d6c   Section        0  system_stm32f10x.o(i.SetSysClockTo72)
    SetSysClockTo72                          0x08001d6d   Thumb Code   214  system_stm32f10x.o(i.SetSysClockTo72)
    i.Set_Speed                              0x08001e4c   Section        0  advancetim.o(i.Set_Speed)
    i.Seven_Read                             0x08001e50   Section        0  gpio.o(i.Seven_Read)
    i.SlideIn                                0x08002014   Section        0  move.o(i.SlideIn)
    i.SlideOut                               0x08002044   Section        0  move.o(i.SlideOut)
    i.Stop_Back                              0x08002074   Section        0  move.o(i.Stop_Back)
    i.SysTick_Config                         0x080020c4   Section        0  systick.o(i.SysTick_Config)
    SysTick_Config                           0x080020c5   Thumb Code    76  systick.o(i.SysTick_Config)
    i.SysTick_Delay_ms                       0x08002118   Section        0  systick.o(i.SysTick_Delay_ms)
    i.SysTick_Handler                        0x08002154   Section        0  stm32f10x_it.o(i.SysTick_Handler)
    i.SysTick_Init                           0x080021ec   Section        0  systick.o(i.SysTick_Init)
    i.SystemInit                             0x0800221c   Section        0  system_stm32f10x.o(i.SystemInit)
    i.TI1_Config                             0x0800227c   Section        0  stm32f10x_tim.o(i.TI1_Config)
    TI1_Config                               0x0800227d   Thumb Code   108  stm32f10x_tim.o(i.TI1_Config)
    i.TI2_Config                             0x080022fc   Section        0  stm32f10x_tim.o(i.TI2_Config)
    TI2_Config                               0x080022fd   Thumb Code   130  stm32f10x_tim.o(i.TI2_Config)
    i.TIM3_IRQHandler                        0x08002394   Section        0  stm32f10x_it.o(i.TIM3_IRQHandler)
    i.TIM4_IRQHandler                        0x08002444   Section        0  stm32f10x_it.o(i.TIM4_IRQHandler)
    i.TIM_ClearITPendingBit                  0x080024f4   Section        0  stm32f10x_tim.o(i.TIM_ClearITPendingBit)
    i.TIM_Cmd                                0x080024fa   Section        0  stm32f10x_tim.o(i.TIM_Cmd)
    i.TIM_CtrlPWMOutputs                     0x08002512   Section        0  stm32f10x_tim.o(i.TIM_CtrlPWMOutputs)
    i.TIM_GetCapture1                        0x08002530   Section        0  stm32f10x_tim.o(i.TIM_GetCapture1)
    i.TIM_GetCapture2                        0x08002536   Section        0  stm32f10x_tim.o(i.TIM_GetCapture2)
    i.TIM_ITConfig                           0x0800253c   Section        0  stm32f10x_tim.o(i.TIM_ITConfig)
    i.TIM_OC1Init                            0x08002550   Section        0  stm32f10x_tim.o(i.TIM_OC1Init)
    i.TIM_OC1PreloadConfig                   0x080025e8   Section        0  stm32f10x_tim.o(i.TIM_OC1PreloadConfig)
    i.TIM_OC2Init                            0x080025fc   Section        0  stm32f10x_tim.o(i.TIM_OC2Init)
    i.TIM_OC2PreloadConfig                   0x080026a0   Section        0  stm32f10x_tim.o(i.TIM_OC2PreloadConfig)
    i.TIM_OC3Init                            0x080026bc   Section        0  stm32f10x_tim.o(i.TIM_OC3Init)
    i.TIM_OC3PreloadConfig                   0x0800275c   Section        0  stm32f10x_tim.o(i.TIM_OC3PreloadConfig)
    i.TIM_OC4Init                            0x08002770   Section        0  stm32f10x_tim.o(i.TIM_OC4Init)
    i.TIM_OC4PreloadConfig                   0x080027ec   Section        0  stm32f10x_tim.o(i.TIM_OC4PreloadConfig)
    i.TIM_PWMIConfig                         0x08002806   Section        0  stm32f10x_tim.o(i.TIM_PWMIConfig)
    i.TIM_SelectInputTrigger                 0x08002882   Section        0  stm32f10x_tim.o(i.TIM_SelectInputTrigger)
    i.TIM_SelectMasterSlaveMode              0x08002894   Section        0  stm32f10x_tim.o(i.TIM_SelectMasterSlaveMode)
    i.TIM_SelectSlaveMode                    0x080028a6   Section        0  stm32f10x_tim.o(i.TIM_SelectSlaveMode)
    i.TIM_SetIC1Prescaler                    0x080028b8   Section        0  stm32f10x_tim.o(i.TIM_SetIC1Prescaler)
    i.TIM_SetIC2Prescaler                    0x080028ca   Section        0  stm32f10x_tim.o(i.TIM_SetIC2Prescaler)
    i.TIM_TimeBaseInit                       0x080028e4   Section        0  stm32f10x_tim.o(i.TIM_TimeBaseInit)
    i.TrackMove                              0x08002988   Section        0  move.o(i.TrackMove)
    i.TrackStop                              0x08002998   Section        0  move.o(i.TrackStop)
    i.UART5_IRQHandler                       0x080029a8   Section        0  stm32f10x_it.o(i.UART5_IRQHandler)
    i.USART3_IRQHandler                      0x08002a5c   Section        0  stm32f10x_it.o(i.USART3_IRQHandler)
    i.USART_ClearITPendingBit                0x08002b0c   Section        0  stm32f10x_usart.o(i.USART_ClearITPendingBit)
    i.USART_Cmd                              0x08002b2a   Section        0  stm32f10x_usart.o(i.USART_Cmd)
    i.USART_Config                           0x08002b44   Section        0  usart.o(i.USART_Config)
    i.USART_GetFlagStatus                    0x08002c5c   Section        0  stm32f10x_usart.o(i.USART_GetFlagStatus)
    i.USART_GetITStatus                      0x08002c76   Section        0  stm32f10x_usart.o(i.USART_GetITStatus)
    i.USART_ITConfig                         0x08002cca   Section        0  stm32f10x_usart.o(i.USART_ITConfig)
    i.USART_Init                             0x08002d14   Section        0  stm32f10x_usart.o(i.USART_Init)
    i.USART_ReceiveData                      0x08002dec   Section        0  stm32f10x_usart.o(i.USART_ReceiveData)
    i.USART_SendData                         0x08002df6   Section        0  stm32f10x_usart.o(i.USART_SendData)
    i.UartWriteBuf                           0x08002e00   Section        0  usart.o(i.UartWriteBuf)
    i.UsageFault_Handler                     0x08002e30   Section        0  stm32f10x_it.o(i.UsageFault_Handler)
    i.Usart_SendByte                         0x08002e34   Section        0  usart.o(i.Usart_SendByte)
    i.__scatterload_copy                     0x08002e52   Section       14  handlers.o(i.__scatterload_copy)
    i.__scatterload_null                     0x08002e60   Section        2  handlers.o(i.__scatterload_null)
    i.__scatterload_zeroinit                 0x08002e62   Section       14  handlers.o(i.__scatterload_zeroinit)
    i.i2c_Ack                                0x08002e70   Section        0  i2c.o(i.i2c_Ack)
    i.i2c_Delay                              0x08002ea0   Section        0  i2c.o(i.i2c_Delay)
    i2c_Delay                                0x08002ea1   Thumb Code    14  i2c.o(i.i2c_Delay)
    i.i2c_GPIO_Config                        0x08002eb0   Section        0  i2c.o(i.i2c_GPIO_Config)
    i.i2c_NAck                               0x08002ee0   Section        0  i2c.o(i.i2c_NAck)
    i.i2c_ReadByte                           0x08002f08   Section        0  i2c.o(i.i2c_ReadByte)
    i.i2c_SendByte                           0x08002f58   Section        0  i2c.o(i.i2c_SendByte)
    i.i2c_Start                              0x08002fac   Section        0  i2c.o(i.i2c_Start)
    i.i2c_Stop                               0x08002fdc   Section        0  i2c.o(i.i2c_Stop)
    i.i2c_WaitAck                            0x08002ffc   Section        0  i2c.o(i.i2c_WaitAck)
    i.main                                   0x08003038   Section        0  main.o(i.main)
    i.prepare                                0x080030d0   Section        0  main.o(i.prepare)
    i.start                                  0x08003144   Section        0  main.o(i.start)
    .data                                    0x20000000   Section       20  system_stm32f10x.o(.data)
    .data                                    0x20000014   Section       20  stm32f10x_rcc.o(.data)
    APBAHBPrescTable                         0x20000014   Data          16  stm32f10x_rcc.o(.data)
    ADCPrescTable                            0x20000024   Data           4  stm32f10x_rcc.o(.data)
    .data                                    0x20000028   Section      192  main.o(.data)
    correct_count                            0x20000028   Data           4  main.o(.data)
    .data                                    0x200000e8   Section       21  stm32f10x_it.o(.data)
    correct_count                            0x200000e8   Data           4  stm32f10x_it.o(.data)
    Nano_Buffer                              0x200000f4   Data           8  stm32f10x_it.o(.data)
    Nano_Rx                                  0x200000fc   Data           1  stm32f10x_it.o(.data)
    .data                                    0x20000100   Section        5  usart.o(.data)
    correct_count                            0x20000100   Data           4  usart.o(.data)
    ucRxCnt                                  0x20000104   Data           1  usart.o(.data)
    .data                                    0x20000108   Section      224  move.o(.data)
    correct_count                            0x20000108   Data           4  move.o(.data)
    error                                    0x20000110   Data           8  move.o(.data)
    P                                        0x20000118   Data           8  move.o(.data)
    I                                        0x20000120   Data           8  move.o(.data)
    D                                        0x20000128   Data           8  move.o(.data)
    Kp                                       0x20000130   Data           8  move.o(.data)
    Ki                                       0x20000138   Data           8  move.o(.data)
    Kd                                       0x20000140   Data           8  move.o(.data)
    PID_value                                0x20000148   Data           8  move.o(.data)
    previous_error                           0x20000150   Data           4  move.o(.data)
    switch_value                             0x20000154   Data           4  move.o(.data)
    error                                    0x20000158   Data           8  move.o(.data)
    P                                        0x20000160   Data           8  move.o(.data)
    I                                        0x20000168   Data           8  move.o(.data)
    D                                        0x20000170   Data           8  move.o(.data)
    Kp                                       0x20000178   Data           8  move.o(.data)
    Ki                                       0x20000180   Data           8  move.o(.data)
    Kd                                       0x20000188   Data           8  move.o(.data)
    PID_value                                0x20000190   Data           8  move.o(.data)
    previous_error                           0x20000198   Data           4  move.o(.data)
    switch_value                             0x2000019c   Data           4  move.o(.data)
    error_grab                               0x200001a0   Data           8  move.o(.data)
    P_grab                                   0x200001a8   Data           8  move.o(.data)
    I_grab                                   0x200001b0   Data           8  move.o(.data)
    D_grab                                   0x200001b8   Data           8  move.o(.data)
    Kp_grab                                  0x200001c0   Data           8  move.o(.data)
    Ki_grab                                  0x200001c8   Data           8  move.o(.data)
    Kd_grab                                  0x200001d0   Data           8  move.o(.data)
    PID_value_grab                           0x200001d8   Data           8  move.o(.data)
    previous_error_grab                      0x200001e0   Data           4  move.o(.data)
    switch_value_grab                        0x200001e4   Data           4  move.o(.data)
    .bss                                     0x200001e8   Section      280  main.o(.bss)
    .bss                                     0x20000300   Section      378  usart.o(.bss)
    ucRxBuffer                               0x20000380   Data         250  usart.o(.bss)
    .bss                                     0x2000047c   Section       68  move.o(.bss)
    sensor                                   0x2000047c   Data          28  move.o(.bss)
    sensor                                   0x20000498   Data          28  move.o(.bss)
    sensor_grab                              0x200004b4   Data          12  move.o(.bss)
    STACK                                    0x200004c0   Section     1024  startup_stm32f10x_hd.o(STACK)

    Global Symbols

    Symbol Name                              Value     Ov Type        Size  Object(Section)

    BuildAttributes$$THM_ISAv4$P$D$K$B$S$PE$A:L22UL41UL21$X:L11$S22US41US21$IEEE1$IW$USESV6$~STKCKD$USESV7$~SHL$OTIME$ROPI$EBA8$MICROLIB$REQ8$PRES8$EABIv2 0x00000000   Number         0  anon$$obj.o ABSOLUTE
    __ARM_use_no_argv                        0x00000000   Number         0  main.o ABSOLUTE
    _printf_a                                0x00000000   Number         0  stubs.o ABSOLUTE
    _printf_c                                0x00000000   Number         0  stubs.o ABSOLUTE
    _printf_charcount                        0x00000000   Number         0  stubs.o ABSOLUTE
    _printf_d                                0x00000000   Number         0  stubs.o ABSOLUTE
    _printf_e                                0x00000000   Number         0  stubs.o ABSOLUTE
    _printf_f                                0x00000000   Number         0  stubs.o ABSOLUTE
    _printf_flags                            0x00000000   Number         0  stubs.o ABSOLUTE
    _printf_fp_dec                           0x00000000   Number         0  stubs.o ABSOLUTE
    _printf_fp_hex                           0x00000000   Number         0  stubs.o ABSOLUTE
    _printf_g                                0x00000000   Number         0  stubs.o ABSOLUTE
    _printf_i                                0x00000000   Number         0  stubs.o ABSOLUTE
    _printf_int_dec                          0x00000000   Number         0  stubs.o ABSOLUTE
    _printf_l                                0x00000000   Number         0  stubs.o ABSOLUTE
    _printf_lc                               0x00000000   Number         0  stubs.o ABSOLUTE
    _printf_ll                               0x00000000   Number         0  stubs.o ABSOLUTE
    _printf_lld                              0x00000000   Number         0  stubs.o ABSOLUTE
    _printf_lli                              0x00000000   Number         0  stubs.o ABSOLUTE
    _printf_llo                              0x00000000   Number         0  stubs.o ABSOLUTE
    _printf_llu                              0x00000000   Number         0  stubs.o ABSOLUTE
    _printf_llx                              0x00000000   Number         0  stubs.o ABSOLUTE
    _printf_longlong_dec                     0x00000000   Number         0  stubs.o ABSOLUTE
    _printf_longlong_hex                     0x00000000   Number         0  stubs.o ABSOLUTE
    _printf_longlong_oct                     0x00000000   Number         0  stubs.o ABSOLUTE
    _printf_ls                               0x00000000   Number         0  stubs.o ABSOLUTE
    _printf_mbtowc                           0x00000000   Number         0  stubs.o ABSOLUTE
    _printf_n                                0x00000000   Number         0  stubs.o ABSOLUTE
    _printf_o                                0x00000000   Number         0  stubs.o ABSOLUTE
    _printf_p                                0x00000000   Number         0  stubs.o ABSOLUTE
    _printf_percent                          0x00000000   Number         0  stubs.o ABSOLUTE
    _printf_pre_padding                      0x00000000   Number         0  stubs.o ABSOLUTE
    _printf_return_value                     0x00000000   Number         0  stubs.o ABSOLUTE
    _printf_s                                0x00000000   Number         0  stubs.o ABSOLUTE
    _printf_sizespec                         0x00000000   Number         0  stubs.o ABSOLUTE
    _printf_str                              0x00000000   Number         0  stubs.o ABSOLUTE
    _printf_truncate_signed                  0x00000000   Number         0  stubs.o ABSOLUTE
    _printf_truncate_unsigned                0x00000000   Number         0  stubs.o ABSOLUTE
    _printf_u                                0x00000000   Number         0  stubs.o ABSOLUTE
    _printf_wc                               0x00000000   Number         0  stubs.o ABSOLUTE
    _printf_wctomb                           0x00000000   Number         0  stubs.o ABSOLUTE
    _printf_widthprec                        0x00000000   Number         0  stubs.o ABSOLUTE
    _printf_x                                0x00000000   Number         0  stubs.o ABSOLUTE
    __cpp_initialize__aeabi_                  - Undefined Weak Reference
    __cxa_finalize                            - Undefined Weak Reference
    _clock_init                               - Undefined Weak Reference
    _microlib_exit                            - Undefined Weak Reference
    __Vectors_Size                           0x00000130   Number         0  startup_stm32f10x_hd.o ABSOLUTE
    __Vectors                                0x08000000   Data           4  startup_stm32f10x_hd.o(RESET)
    __Vectors_End                            0x08000130   Data           0  startup_stm32f10x_hd.o(RESET)
    __main                                   0x08000131   Thumb Code     0  entry.o(.ARM.Collect$$$$00000000)
    _main_stk                                0x08000131   Thumb Code     0  entry2.o(.ARM.Collect$$$$00000001)
    _main_scatterload                        0x08000135   Thumb Code     0  entry5.o(.ARM.Collect$$$$00000004)
    __main_after_scatterload                 0x08000139   Thumb Code     0  entry5.o(.ARM.Collect$$$$00000004)
    _main_clock                              0x08000139   Thumb Code     0  entry7b.o(.ARM.Collect$$$$00000008)
    _main_cpp_init                           0x08000139   Thumb Code     0  entry8b.o(.ARM.Collect$$$$0000000A)
    _main_init                               0x08000139   Thumb Code     0  entry9a.o(.ARM.Collect$$$$0000000B)
    __rt_final_cpp                           0x08000141   Thumb Code     0  entry10a.o(.ARM.Collect$$$$0000000D)
    __rt_final_exit                          0x08000141   Thumb Code     0  entry11a.o(.ARM.Collect$$$$0000000F)
    Reset_Handler                            0x08000145   Thumb Code     8  startup_stm32f10x_hd.o(.text)
    ADC1_2_IRQHandler                        0x0800015f   Thumb Code     0  startup_stm32f10x_hd.o(.text)
    ADC3_IRQHandler                          0x0800015f   Thumb Code     0  startup_stm32f10x_hd.o(.text)
    CAN1_RX1_IRQHandler                      0x0800015f   Thumb Code     0  startup_stm32f10x_hd.o(.text)
    CAN1_SCE_IRQHandler                      0x0800015f   Thumb Code     0  startup_stm32f10x_hd.o(.text)
    DMA1_Channel1_IRQHandler                 0x0800015f   Thumb Code     0  startup_stm32f10x_hd.o(.text)
    DMA1_Channel2_IRQHandler                 0x0800015f   Thumb Code     0  startup_stm32f10x_hd.o(.text)
    DMA1_Channel3_IRQHandler                 0x0800015f   Thumb Code     0  startup_stm32f10x_hd.o(.text)
    DMA1_Channel4_IRQHandler                 0x0800015f   Thumb Code     0  startup_stm32f10x_hd.o(.text)
    DMA1_Channel5_IRQHandler                 0x0800015f   Thumb Code     0  startup_stm32f10x_hd.o(.text)
    DMA1_Channel6_IRQHandler                 0x0800015f   Thumb Code     0  startup_stm32f10x_hd.o(.text)
    DMA1_Channel7_IRQHandler                 0x0800015f   Thumb Code     0  startup_stm32f10x_hd.o(.text)
    DMA2_Channel1_IRQHandler                 0x0800015f   Thumb Code     0  startup_stm32f10x_hd.o(.text)
    DMA2_Channel2_IRQHandler                 0x0800015f   Thumb Code     0  startup_stm32f10x_hd.o(.text)
    DMA2_Channel3_IRQHandler                 0x0800015f   Thumb Code     0  startup_stm32f10x_hd.o(.text)
    DMA2_Channel4_5_IRQHandler               0x0800015f   Thumb Code     0  startup_stm32f10x_hd.o(.text)
    EXTI0_IRQHandler                         0x0800015f   Thumb Code     0  startup_stm32f10x_hd.o(.text)
    EXTI15_10_IRQHandler                     0x0800015f   Thumb Code     0  startup_stm32f10x_hd.o(.text)
    EXTI1_IRQHandler                         0x0800015f   Thumb Code     0  startup_stm32f10x_hd.o(.text)
    EXTI2_IRQHandler                         0x0800015f   Thumb Code     0  startup_stm32f10x_hd.o(.text)
    EXTI3_IRQHandler                         0x0800015f   Thumb Code     0  startup_stm32f10x_hd.o(.text)
    EXTI4_IRQHandler                         0x0800015f   Thumb Code     0  startup_stm32f10x_hd.o(.text)
    EXTI9_5_IRQHandler                       0x0800015f   Thumb Code     0  startup_stm32f10x_hd.o(.text)
    FLASH_IRQHandler                         0x0800015f   Thumb Code     0  startup_stm32f10x_hd.o(.text)
    FSMC_IRQHandler                          0x0800015f   Thumb Code     0  startup_stm32f10x_hd.o(.text)
    I2C1_ER_IRQHandler                       0x0800015f   Thumb Code     0  startup_stm32f10x_hd.o(.text)
    I2C1_EV_IRQHandler                       0x0800015f   Thumb Code     0  startup_stm32f10x_hd.o(.text)
    I2C2_ER_IRQHandler                       0x0800015f   Thumb Code     0  startup_stm32f10x_hd.o(.text)
    I2C2_EV_IRQHandler                       0x0800015f   Thumb Code     0  startup_stm32f10x_hd.o(.text)
    PVD_IRQHandler                           0x0800015f   Thumb Code     0  startup_stm32f10x_hd.o(.text)
    RCC_IRQHandler                           0x0800015f   Thumb Code     0  startup_stm32f10x_hd.o(.text)
    RTCAlarm_IRQHandler                      0x0800015f   Thumb Code     0  startup_stm32f10x_hd.o(.text)
    RTC_IRQHandler                           0x0800015f   Thumb Code     0  startup_stm32f10x_hd.o(.text)
    SDIO_IRQHandler                          0x0800015f   Thumb Code     0  startup_stm32f10x_hd.o(.text)
    SPI1_IRQHandler                          0x0800015f   Thumb Code     0  startup_stm32f10x_hd.o(.text)
    SPI2_IRQHandler                          0x0800015f   Thumb Code     0  startup_stm32f10x_hd.o(.text)
    SPI3_IRQHandler                          0x0800015f   Thumb Code     0  startup_stm32f10x_hd.o(.text)
    TAMPER_IRQHandler                        0x0800015f   Thumb Code     0  startup_stm32f10x_hd.o(.text)
    TIM1_BRK_IRQHandler                      0x0800015f   Thumb Code     0  startup_stm32f10x_hd.o(.text)
    TIM1_CC_IRQHandler                       0x0800015f   Thumb Code     0  startup_stm32f10x_hd.o(.text)
    TIM1_TRG_COM_IRQHandler                  0x0800015f   Thumb Code     0  startup_stm32f10x_hd.o(.text)
    TIM1_UP_IRQHandler                       0x0800015f   Thumb Code     0  startup_stm32f10x_hd.o(.text)
    TIM2_IRQHandler                          0x0800015f   Thumb Code     0  startup_stm32f10x_hd.o(.text)
    TIM5_IRQHandler                          0x0800015f   Thumb Code     0  startup_stm32f10x_hd.o(.text)
    TIM6_IRQHandler                          0x0800015f   Thumb Code     0  startup_stm32f10x_hd.o(.text)
    TIM7_IRQHandler                          0x0800015f   Thumb Code     0  startup_stm32f10x_hd.o(.text)
    TIM8_BRK_IRQHandler                      0x0800015f   Thumb Code     0  startup_stm32f10x_hd.o(.text)
    TIM8_CC_IRQHandler                       0x0800015f   Thumb Code     0  startup_stm32f10x_hd.o(.text)
    TIM8_TRG_COM_IRQHandler                  0x0800015f   Thumb Code     0  startup_stm32f10x_hd.o(.text)
    TIM8_UP_IRQHandler                       0x0800015f   Thumb Code     0  startup_stm32f10x_hd.o(.text)
    UART4_IRQHandler                         0x0800015f   Thumb Code     0  startup_stm32f10x_hd.o(.text)
    USART1_IRQHandler                        0x0800015f   Thumb Code     0  startup_stm32f10x_hd.o(.text)
    USART2_IRQHandler                        0x0800015f   Thumb Code     0  startup_stm32f10x_hd.o(.text)
    USBWakeUp_IRQHandler                     0x0800015f   Thumb Code     0  startup_stm32f10x_hd.o(.text)
    USB_HP_CAN1_TX_IRQHandler                0x0800015f   Thumb Code     0  startup_stm32f10x_hd.o(.text)
    USB_LP_CAN1_RX0_IRQHandler               0x0800015f   Thumb Code     0  startup_stm32f10x_hd.o(.text)
    WWDG_IRQHandler                          0x0800015f   Thumb Code     0  startup_stm32f10x_hd.o(.text)
    __aeabi_memcpy                           0x08000169   Thumb Code    36  memcpya.o(.text)
    __aeabi_memcpy4                          0x08000169   Thumb Code     0  memcpya.o(.text)
    __aeabi_memcpy8                          0x08000169   Thumb Code     0  memcpya.o(.text)
    __aeabi_fadd                             0x0800018d   Thumb Code   164  fadd.o(.text)
    __aeabi_fsub                             0x08000231   Thumb Code     6  fadd.o(.text)
    __aeabi_frsub                            0x08000237   Thumb Code     6  fadd.o(.text)
    __aeabi_fmul                             0x0800023d   Thumb Code   100  fmul.o(.text)
    __aeabi_fdiv                             0x080002a1   Thumb Code   124  fdiv.o(.text)
    __aeabi_dadd                             0x0800031d   Thumb Code   322  dadd.o(.text)
    __aeabi_dsub                             0x0800045f   Thumb Code     6  dadd.o(.text)
    __aeabi_drsub                            0x08000465   Thumb Code     6  dadd.o(.text)
    __aeabi_dmul                             0x0800046b   Thumb Code   228  dmul.o(.text)
    __aeabi_ddiv                             0x0800054f   Thumb Code   222  ddiv.o(.text)
    __aeabi_i2f                              0x0800062d   Thumb Code    18  fflti.o(.text)
    __aeabi_i2d                              0x0800063f   Thumb Code    34  dflti.o(.text)
    __aeabi_d2iz                             0x08000661   Thumb Code    62  dfixi.o(.text)
    __aeabi_d2uiz                            0x0800069f   Thumb Code    50  dfixui.o(.text)
    __aeabi_cdcmpeq                          0x080006d1   Thumb Code     0  cdcmple.o(.text)
    __aeabi_cdcmple                          0x080006d1   Thumb Code    48  cdcmple.o(.text)
    __aeabi_d2f                              0x08000701   Thumb Code    56  d2f.o(.text)
    __aeabi_llsl                             0x08000739   Thumb Code    30  llshl.o(.text)
    _ll_shift_l                              0x08000739   Thumb Code     0  llshl.o(.text)
    __aeabi_llsr                             0x08000757   Thumb Code    32  llushr.o(.text)
    _ll_ushift_r                             0x08000757   Thumb Code     0  llushr.o(.text)
    __aeabi_lasr                             0x08000777   Thumb Code    36  llsshr.o(.text)
    _ll_sshift_r                             0x08000777   Thumb Code     0  llsshr.o(.text)
    __I$use$fp                               0x0800079b   Thumb Code     0  iusefp.o(.text)
    _float_round                             0x0800079b   Thumb Code    18  fepilogue.o(.text)
    _float_epilogue                          0x080007ad   Thumb Code    92  fepilogue.o(.text)
    _double_round                            0x08000809   Thumb Code    30  depilogue.o(.text)
    _double_epilogue                         0x08000827   Thumb Code   156  depilogue.o(.text)
    __scatterload                            0x080008c5   Thumb Code    28  init.o(.text)
    __scatterload_rt2                        0x080008c5   Thumb Code     0  init.o(.text)
    __decompress                             0x080008e9   Thumb Code     0  __dczerorl2.o(.text)
    __decompress1                            0x080008e9   Thumb Code    86  __dczerorl2.o(.text)
    ADVANCE_TIM_Init                         0x08000a25   Thumb Code    16  advancetim.o(i.ADVANCE_TIM_Init)
    Back_Slide                               0x08000c81   Thumb Code   576  move.o(i.Back_Slide)
    BusFault_Handler                         0x08000ed1   Thumb Code     4  stm32f10x_it.o(i.BusFault_Handler)
    CopeSerial2Data                          0x08000ed5   Thumb Code   236  usart.o(i.CopeSerial2Data)
    DebugMon_Handler                         0x08000ff1   Thumb Code     2  stm32f10x_it.o(i.DebugMon_Handler)
    GPIO_Config                              0x08000ff5   Thumb Code  1104  gpio.o(i.GPIO_Config)
    GPIO_High                                0x08001461   Thumb Code    16  gpio.o(i.GPIO_High)
    GPIO_Init                                0x08001471   Thumb Code   278  stm32f10x_gpio.o(i.GPIO_Init)
    GPIO_Low                                 0x08001587   Thumb Code    16  gpio.o(i.GPIO_Low)
    GPIO_Read                                0x08001597   Thumb Code    20  gpio.o(i.GPIO_Read)
    GPIO_ReadInputDataBit                    0x080015ab   Thumb Code    18  stm32f10x_gpio.o(i.GPIO_ReadInputDataBit)
    GPIO_ResetBits                           0x080015bd   Thumb Code     4  stm32f10x_gpio.o(i.GPIO_ResetBits)
    GPIO_SetBits                             0x080015c1   Thumb Code     4  stm32f10x_gpio.o(i.GPIO_SetBits)
    HardFault_Handler                        0x080015c5   Thumb Code     4  stm32f10x_it.o(i.HardFault_Handler)
    MPU6050ReadGyro                          0x080015c9   Thumb Code    64  mpu6050.o(i.MPU6050ReadGyro)
    MPU6050_Init                             0x08001609   Thumb Code    72  mpu6050.o(i.MPU6050_Init)
    MPU6050_ReadData                         0x08001651   Thumb Code    88  mpu6050.o(i.MPU6050_ReadData)
    MPU6050_WriteReg                         0x080016a9   Thumb Code    46  mpu6050.o(i.MPU6050_WriteReg)
    MemManage_Handler                        0x080016d7   Thumb Code     4  stm32f10x_it.o(i.MemManage_Handler)
    MoveServo                                0x080016dd   Thumb Code    66  usart.o(i.MoveServo)
    NMI_Handler                              0x08001725   Thumb Code     2  stm32f10x_it.o(i.NMI_Handler)
    NVIC_Init                                0x08001771   Thumb Code   100  misc.o(i.NVIC_Init)
    NVIC_PriorityGroupConfig                 0x080017e1   Thumb Code    10  misc.o(i.NVIC_PriorityGroupConfig)
    NanoIOHigh1                              0x080017f5   Thumb Code    50  main.o(i.NanoIOHigh1)
    NanoIOHigh2                              0x08001831   Thumb Code    50  main.o(i.NanoIOHigh2)
    NanoIOHigh3                              0x0800186d   Thumb Code    50  main.o(i.NanoIOHigh3)
    OneGridAction                            0x080018a9   Thumb Code   188  main.o(i.OneGridAction)
    OneGridAction_fake                       0x08001965   Thumb Code   136  main.o(i.OneGridAction_fake)
    PID_grab                                 0x080019ed   Thumb Code   490  move.o(i.PID_grab)
    PendSV_Handler                           0x08001c49   Thumb Code     2  stm32f10x_it.o(i.PendSV_Handler)
    RCC_APB1PeriphClockCmd                   0x08001c4d   Thumb Code    26  stm32f10x_rcc.o(i.RCC_APB1PeriphClockCmd)
    RCC_APB2PeriphClockCmd                   0x08001c6d   Thumb Code    26  stm32f10x_rcc.o(i.RCC_APB2PeriphClockCmd)
    RCC_GetClocksFreq                        0x08001c8d   Thumb Code   192  stm32f10x_rcc.o(i.RCC_GetClocksFreq)
    SVC_Handler                              0x08001d61   Thumb Code     2  stm32f10x_it.o(i.SVC_Handler)
    Set_Speed                                0x08001e4d   Thumb Code     4  advancetim.o(i.Set_Speed)
    Seven_Read                               0x08001e51   Thumb Code   422  gpio.o(i.Seven_Read)
    SlideIn                                  0x08002015   Thumb Code    38  move.o(i.SlideIn)
    SlideOut                                 0x08002045   Thumb Code    38  move.o(i.SlideOut)
    Stop_Back                                0x08002075   Thumb Code    66  move.o(i.Stop_Back)
    SysTick_Delay_ms                         0x08002119   Thumb Code    54  systick.o(i.SysTick_Delay_ms)
    SysTick_Handler                          0x08002155   Thumb Code   116  stm32f10x_it.o(i.SysTick_Handler)
    SysTick_Init                             0x080021ed   Thumb Code    44  systick.o(i.SysTick_Init)
    SystemInit                               0x0800221d   Thumb Code    78  system_stm32f10x.o(i.SystemInit)
    TIM3_IRQHandler                          0x08002395   Thumb Code   146  stm32f10x_it.o(i.TIM3_IRQHandler)
    TIM4_IRQHandler                          0x08002445   Thumb Code   146  stm32f10x_it.o(i.TIM4_IRQHandler)
    TIM_ClearITPendingBit                    0x080024f5   Thumb Code     6  stm32f10x_tim.o(i.TIM_ClearITPendingBit)
    TIM_Cmd                                  0x080024fb   Thumb Code    24  stm32f10x_tim.o(i.TIM_Cmd)
    TIM_CtrlPWMOutputs                       0x08002513   Thumb Code    30  stm32f10x_tim.o(i.TIM_CtrlPWMOutputs)
    TIM_GetCapture1                          0x08002531   Thumb Code     6  stm32f10x_tim.o(i.TIM_GetCapture1)
    TIM_GetCapture2                          0x08002537   Thumb Code     6  stm32f10x_tim.o(i.TIM_GetCapture2)
    TIM_ITConfig                             0x0800253d   Thumb Code    18  stm32f10x_tim.o(i.TIM_ITConfig)
    TIM_OC1Init                              0x08002551   Thumb Code   132  stm32f10x_tim.o(i.TIM_OC1Init)
    TIM_OC1PreloadConfig                     0x080025e9   Thumb Code    18  stm32f10x_tim.o(i.TIM_OC1PreloadConfig)
    TIM_OC2Init                              0x080025fd   Thumb Code   154  stm32f10x_tim.o(i.TIM_OC2Init)
    TIM_OC2PreloadConfig                     0x080026a1   Thumb Code    26  stm32f10x_tim.o(i.TIM_OC2PreloadConfig)
    TIM_OC3Init                              0x080026bd   Thumb Code   150  stm32f10x_tim.o(i.TIM_OC3Init)
    TIM_OC3PreloadConfig                     0x0800275d   Thumb Code    18  stm32f10x_tim.o(i.TIM_OC3PreloadConfig)
    TIM_OC4Init                              0x08002771   Thumb Code   114  stm32f10x_tim.o(i.TIM_OC4Init)
    TIM_OC4PreloadConfig                     0x080027ed   Thumb Code    26  stm32f10x_tim.o(i.TIM_OC4PreloadConfig)
    TIM_PWMIConfig                           0x08002807   Thumb Code   124  stm32f10x_tim.o(i.TIM_PWMIConfig)
    TIM_SelectInputTrigger                   0x08002883   Thumb Code    18  stm32f10x_tim.o(i.TIM_SelectInputTrigger)
    TIM_SelectMasterSlaveMode                0x08002895   Thumb Code    18  stm32f10x_tim.o(i.TIM_SelectMasterSlaveMode)
    TIM_SelectSlaveMode                      0x080028a7   Thumb Code    18  stm32f10x_tim.o(i.TIM_SelectSlaveMode)
    TIM_SetIC1Prescaler                      0x080028b9   Thumb Code    18  stm32f10x_tim.o(i.TIM_SetIC1Prescaler)
    TIM_SetIC2Prescaler                      0x080028cb   Thumb Code    26  stm32f10x_tim.o(i.TIM_SetIC2Prescaler)
    TIM_TimeBaseInit                         0x080028e5   Thumb Code   122  stm32f10x_tim.o(i.TIM_TimeBaseInit)
    TrackMove                                0x08002989   Thumb Code    12  move.o(i.TrackMove)
    TrackStop                                0x08002999   Thumb Code    12  move.o(i.TrackStop)
    UART5_IRQHandler                         0x080029a9   Thumb Code   160  stm32f10x_it.o(i.UART5_IRQHandler)
    USART3_IRQHandler                        0x08002a5d   Thumb Code   146  stm32f10x_it.o(i.USART3_IRQHandler)
    USART_ClearITPendingBit                  0x08002b0d   Thumb Code    30  stm32f10x_usart.o(i.USART_ClearITPendingBit)
    USART_Cmd                                0x08002b2b   Thumb Code    24  stm32f10x_usart.o(i.USART_Cmd)
    USART_Config                             0x08002b45   Thumb Code   264  usart.o(i.USART_Config)
    USART_GetFlagStatus                      0x08002c5d   Thumb Code    26  stm32f10x_usart.o(i.USART_GetFlagStatus)
    USART_GetITStatus                        0x08002c77   Thumb Code    84  stm32f10x_usart.o(i.USART_GetITStatus)
    USART_ITConfig                           0x08002ccb   Thumb Code    74  stm32f10x_usart.o(i.USART_ITConfig)
    USART_Init                               0x08002d15   Thumb Code   210  stm32f10x_usart.o(i.USART_Init)
    USART_ReceiveData                        0x08002ded   Thumb Code    10  stm32f10x_usart.o(i.USART_ReceiveData)
    USART_SendData                           0x08002df7   Thumb Code     8  stm32f10x_usart.o(i.USART_SendData)
    UartWriteBuf                             0x08002e01   Thumb Code    44  usart.o(i.UartWriteBuf)
    UsageFault_Handler                       0x08002e31   Thumb Code     4  stm32f10x_it.o(i.UsageFault_Handler)
    Usart_SendByte                           0x08002e35   Thumb Code    30  usart.o(i.Usart_SendByte)
    __scatterload_copy                       0x08002e53   Thumb Code    14  handlers.o(i.__scatterload_copy)
    __scatterload_null                       0x08002e61   Thumb Code     2  handlers.o(i.__scatterload_null)
    __scatterload_zeroinit                   0x08002e63   Thumb Code    14  handlers.o(i.__scatterload_zeroinit)
    i2c_Ack                                  0x08002e71   Thumb Code    44  i2c.o(i.i2c_Ack)
    i2c_GPIO_Config                          0x08002eb1   Thumb Code    42  i2c.o(i.i2c_GPIO_Config)
    i2c_NAck                                 0x08002ee1   Thumb Code    36  i2c.o(i.i2c_NAck)
    i2c_ReadByte                             0x08002f09   Thumb Code    76  i2c.o(i.i2c_ReadByte)
    i2c_SendByte                             0x08002f59   Thumb Code    80  i2c.o(i.i2c_SendByte)
    i2c_Start                                0x08002fad   Thumb Code    42  i2c.o(i.i2c_Start)
    i2c_Stop                                 0x08002fdd   Thumb Code    28  i2c.o(i.i2c_Stop)
    i2c_WaitAck                              0x08002ffd   Thumb Code    56  i2c.o(i.i2c_WaitAck)
    main                                     0x08003039   Thumb Code   140  main.o(i.main)
    prepare                                  0x080030d1   Thumb Code    98  main.o(i.prepare)
    start                                    0x08003145   Thumb Code     8  main.o(i.start)
    Region$$Table$$Base                      0x0800314c   Number         0  anon$$obj.o(Region$$Table)
    Region$$Table$$Limit                     0x0800316c   Number         0  anon$$obj.o(Region$$Table)
    SystemCoreClock                          0x20000000   Data           4  system_stm32f10x.o(.data)
    AHBPrescTable                            0x20000004   Data          16  system_stm32f10x.o(.data)
    DutyCycle_Left                           0x2000002c   Data           4  main.o(.data)
    Frequency_Left                           0x20000030   Data           4  main.o(.data)
    DutyCycle_Right                          0x20000034   Data           4  main.o(.data)
    Frequency_Right                          0x20000038   Data           4  main.o(.data)
    TxCounter                                0x2000003c   Data           1  main.o(.data)
    imu_count                                0x2000003d   Data           1  main.o(.data)
    IMU_Data                                 0x20000040   Data           4  main.o(.data)
    Accel                                    0x20000044   Data           6  main.o(.data)
    Gyro                                     0x2000004a   Data           6  main.o(.data)
    Temp                                     0x20000050   Data           4  main.o(.data)
    gyroX                                    0x20000054   Data           4  main.o(.data)
    gyroY                                    0x20000058   Data           4  main.o(.data)
    gyroZ                                    0x2000005c   Data           4  main.o(.data)
    Angle                                    0x20000060   Data           6  main.o(.data)
    integralX                                0x20000068   Data           4  main.o(.data)
    integralY                                0x2000006c   Data           4  main.o(.data)
    integralZ                                0x20000070   Data           4  main.o(.data)
    g_GetZeroOffset                          0x20000074   Data           4  main.o(.data)
    ACCCALSW                                 0x20000078   Data           5  main.o(.data)
    SAVACALSW                                0x2000007d   Data           5  main.o(.data)
    Nano_Buff                                0x20000082   Data           8  main.o(.data)
    flag_get                                 0x2000008c   Data           4  main.o(.data)
    time_now                                 0x20000090   Data           1  main.o(.data)
    stcTime                                  0x20000092   Data           8  main.o(.data)
    stcAcc                                   0x2000009a   Data           8  main.o(.data)
    stcGyro                                  0x200000a2   Data           8  main.o(.data)
    stcAngle                                 0x200000aa   Data           8  main.o(.data)
    stcMag                                   0x200000b2   Data           8  main.o(.data)
    stcDStatus                               0x200000ba   Data           8  main.o(.data)
    stcPress                                 0x200000c4   Data           8  main.o(.data)
    stcLonLat                                0x200000cc   Data           8  main.o(.data)
    stcGPSV                                  0x200000d4   Data           8  main.o(.data)
    stcQ                                     0x200000dc   Data           8  main.o(.data)
    task_readdata_finish                     0x200000e4   Data           4  main.o(.data)
    IC2Value_Left                            0x200000ec   Data           2  stm32f10x_it.o(.data)
    IC1Value_Left                            0x200000ee   Data           2  stm32f10x_it.o(.data)
    IC2Value_Right                           0x200000f0   Data           2  stm32f10x_it.o(.data)
    IC1Value_Right                           0x200000f2   Data           2  stm32f10x_it.o(.data)
    TxBuffer                                 0x200001e8   Data         256  main.o(.bss)
    POS                                      0x200002e8   Data          24  main.o(.bss)
    TxBuf                                    0x20000300   Data         128  usart.o(.bss)
    __initial_sp                             0x200008c0   Data           0  startup_stm32f10x_hd.o(STACK)



==============================================================================

Memory Map of the image

  Image Entry point : 0x08000131

  Load Region LR_IROM1 (Base: 0x08000000, Size: 0x00003354, Max: 0x00080000, ABSOLUTE, COMPRESSED[0x00003198])

    Execution Region ER_IROM1 (Exec base: 0x08000000, Load base: 0x08000000, Size: 0x0000316c, Max: 0x00080000, ABSOLUTE)

    Exec Addr    Load Addr    Size         Type   Attr      Idx    E Section Name        Object

    0x08000000   0x08000000   0x00000130   Data   RO            3    RESET               startup_stm32f10x_hd.o
    0x08000130   0x08000130   0x00000000   Code   RO         4248  * .ARM.Collect$$$$00000000  mc_w.l(entry.o)
    0x08000130   0x08000130   0x00000004   Code   RO         4544    .ARM.Collect$$$$00000001  mc_w.l(entry2.o)
    0x08000134   0x08000134   0x00000004   Code   RO         4547    .ARM.Collect$$$$00000004  mc_w.l(entry5.o)
    0x08000138   0x08000138   0x00000000   Code   RO         4549    .ARM.Collect$$$$00000008  mc_w.l(entry7b.o)
    0x08000138   0x08000138   0x00000000   Code   RO         4551    .ARM.Collect$$$$0000000A  mc_w.l(entry8b.o)
    0x08000138   0x08000138   0x00000008   Code   RO         4552    .ARM.Collect$$$$0000000B  mc_w.l(entry9a.o)
    0x08000140   0x08000140   0x00000000   Code   RO         4554    .ARM.Collect$$$$0000000D  mc_w.l(entry10a.o)
    0x08000140   0x08000140   0x00000000   Code   RO         4556    .ARM.Collect$$$$0000000F  mc_w.l(entry11a.o)
    0x08000140   0x08000140   0x00000004   Code   RO         4545    .ARM.Collect$$$$00002712  mc_w.l(entry2.o)
    0x08000144   0x08000144   0x00000024   Code   RO            4    .text               startup_stm32f10x_hd.o
    0x08000168   0x08000168   0x00000024   Code   RO         4251    .text               mc_w.l(memcpya.o)
    0x0800018c   0x0800018c   0x000000b0   Code   RO         4518    .text               mf_w.l(fadd.o)
    0x0800023c   0x0800023c   0x00000064   Code   RO         4520    .text               mf_w.l(fmul.o)
    0x080002a0   0x080002a0   0x0000007c   Code   RO         4522    .text               mf_w.l(fdiv.o)
    0x0800031c   0x0800031c   0x0000014e   Code   RO         4524    .text               mf_w.l(dadd.o)
    0x0800046a   0x0800046a   0x000000e4   Code   RO         4526    .text               mf_w.l(dmul.o)
    0x0800054e   0x0800054e   0x000000de   Code   RO         4528    .text               mf_w.l(ddiv.o)
    0x0800062c   0x0800062c   0x00000012   Code   RO         4530    .text               mf_w.l(fflti.o)
    0x0800063e   0x0800063e   0x00000022   Code   RO         4532    .text               mf_w.l(dflti.o)
    0x08000660   0x08000660   0x0000003e   Code   RO         4536    .text               mf_w.l(dfixi.o)
    0x0800069e   0x0800069e   0x00000032   Code   RO         4538    .text               mf_w.l(dfixui.o)
    0x080006d0   0x080006d0   0x00000030   Code   RO         4540    .text               mf_w.l(cdcmple.o)
    0x08000700   0x08000700   0x00000038   Code   RO         4542    .text               mf_w.l(d2f.o)
    0x08000738   0x08000738   0x0000001e   Code   RO         4565    .text               mc_w.l(llshl.o)
    0x08000756   0x08000756   0x00000020   Code   RO         4567    .text               mc_w.l(llushr.o)
    0x08000776   0x08000776   0x00000024   Code   RO         4569    .text               mc_w.l(llsshr.o)
    0x0800079a   0x0800079a   0x00000000   Code   RO         4571    .text               mc_w.l(iusefp.o)
    0x0800079a   0x0800079a   0x0000006e   Code   RO         4572    .text               mf_w.l(fepilogue.o)
    0x08000808   0x08000808   0x000000ba   Code   RO         4574    .text               mf_w.l(depilogue.o)
    0x080008c2   0x080008c2   0x00000002   PAD
    0x080008c4   0x080008c4   0x00000024   Code   RO         4580    .text               mc_w.l(init.o)
    0x080008e8   0x080008e8   0x00000056   Code   RO         4592    .text               mc_w.l(__dczerorl2.o)
    0x0800093e   0x0800093e   0x00000002   PAD
    0x08000940   0x08000940   0x000000e4   Code   RO         3821    i.ADVANCE_TIM_GPIO_Config  advancetim.o
    0x08000a24   0x08000a24   0x00000010   Code   RO         3822    i.ADVANCE_TIM_Init  advancetim.o
    0x08000a34   0x08000a34   0x00000218   Code   RO         3823    i.ADVANCE_TIM_Mode_Config  advancetim.o
    0x08000c4c   0x08000c4c   0x00000034   Code   RO         3824    i.ADVANCE_TIM_NVIC_Config  advancetim.o
    0x08000c80   0x08000c80   0x00000250   Code   RO         3966    i.Back_Slide        move.o
    0x08000ed0   0x08000ed0   0x00000004   Code   RO         3248    i.BusFault_Handler  stm32f10x_it.o
    0x08000ed4   0x08000ed4   0x0000011c   Code   RO         3854    i.CopeSerial2Data   usart.o
    0x08000ff0   0x08000ff0   0x00000002   Code   RO         3249    i.DebugMon_Handler  stm32f10x_it.o
    0x08000ff2   0x08000ff2   0x00000002   PAD
    0x08000ff4   0x08000ff4   0x0000046c   Code   RO         3779    i.GPIO_Config       gpio.o
    0x08001460   0x08001460   0x00000010   Code   RO         3780    i.GPIO_High         gpio.o
    0x08001470   0x08001470   0x00000116   Code   RO         1292    i.GPIO_Init         stm32f10x_gpio.o
    0x08001586   0x08001586   0x00000010   Code   RO         3781    i.GPIO_Low          gpio.o
    0x08001596   0x08001596   0x00000014   Code   RO         3782    i.GPIO_Read         gpio.o
    0x080015aa   0x080015aa   0x00000012   Code   RO         1296    i.GPIO_ReadInputDataBit  stm32f10x_gpio.o
    0x080015bc   0x080015bc   0x00000004   Code   RO         1299    i.GPIO_ResetBits    stm32f10x_gpio.o
    0x080015c0   0x080015c0   0x00000004   Code   RO         1300    i.GPIO_SetBits      stm32f10x_gpio.o
    0x080015c4   0x080015c4   0x00000004   Code   RO         3250    i.HardFault_Handler  stm32f10x_it.o
    0x080015c8   0x080015c8   0x00000040   Code   RO         4195    i.MPU6050ReadGyro   mpu6050.o
    0x08001608   0x08001608   0x00000048   Code   RO         4197    i.MPU6050_Init      mpu6050.o
    0x08001650   0x08001650   0x00000058   Code   RO         4199    i.MPU6050_ReadData  mpu6050.o
    0x080016a8   0x080016a8   0x0000002e   Code   RO         4200    i.MPU6050_WriteReg  mpu6050.o
    0x080016d6   0x080016d6   0x00000004   Code   RO         3251    i.MemManage_Handler  stm32f10x_it.o
    0x080016da   0x080016da   0x00000002   PAD
    0x080016dc   0x080016dc   0x00000048   Code   RO         3858    i.MoveServo         usart.o
    0x08001724   0x08001724   0x00000002   Code   RO         3252    i.NMI_Handler       stm32f10x_it.o
    0x08001726   0x08001726   0x00000048   Code   RO         3860    i.NVIC_Configuration  usart.o
    0x0800176e   0x0800176e   0x00000002   PAD
    0x08001770   0x08001770   0x00000070   Code   RO          137    i.NVIC_Init         misc.o
    0x080017e0   0x080017e0   0x00000014   Code   RO          138    i.NVIC_PriorityGroupConfig  misc.o
    0x080017f4   0x080017f4   0x0000003c   Code   RO         3111    i.NanoIOHigh1       main.o
    0x08001830   0x08001830   0x0000003c   Code   RO         3112    i.NanoIOHigh2       main.o
    0x0800186c   0x0800186c   0x0000003c   Code   RO         3113    i.NanoIOHigh3       main.o
    0x080018a8   0x080018a8   0x000000bc   Code   RO         3114    i.OneGridAction     main.o
    0x08001964   0x08001964   0x00000088   Code   RO         3115    i.OneGridAction_fake  main.o
    0x080019ec   0x080019ec   0x0000025c   Code   RO         3975    i.PID_grab          move.o
    0x08001c48   0x08001c48   0x00000002   Code   RO         3253    i.PendSV_Handler    stm32f10x_it.o
    0x08001c4a   0x08001c4a   0x00000002   PAD
    0x08001c4c   0x08001c4c   0x00000020   Code   RO         1708    i.RCC_APB1PeriphClockCmd  stm32f10x_rcc.o
    0x08001c6c   0x08001c6c   0x00000020   Code   RO         1710    i.RCC_APB2PeriphClockCmd  stm32f10x_rcc.o
    0x08001c8c   0x08001c8c   0x000000d4   Code   RO         1718    i.RCC_GetClocksFreq  stm32f10x_rcc.o
    0x08001d60   0x08001d60   0x00000002   Code   RO         3254    i.SVC_Handler       stm32f10x_it.o
    0x08001d62   0x08001d62   0x00000008   Code   RO           24    i.SetSysClock       system_stm32f10x.o
    0x08001d6a   0x08001d6a   0x00000002   PAD
    0x08001d6c   0x08001d6c   0x000000e0   Code   RO           25    i.SetSysClockTo72   system_stm32f10x.o
    0x08001e4c   0x08001e4c   0x00000004   Code   RO         3825    i.Set_Speed         advancetim.o
    0x08001e50   0x08001e50   0x000001c4   Code   RO         3784    i.Seven_Read        gpio.o
    0x08002014   0x08002014   0x00000030   Code   RO         3978    i.SlideIn           move.o
    0x08002044   0x08002044   0x00000030   Code   RO         3979    i.SlideOut          move.o
    0x08002074   0x08002074   0x00000050   Code   RO         3980    i.Stop_Back         move.o
    0x080020c4   0x080020c4   0x00000054   Code   RO         3746    i.SysTick_Config    systick.o
    0x08002118   0x08002118   0x0000003c   Code   RO         3747    i.SysTick_Delay_ms  systick.o
    0x08002154   0x08002154   0x00000098   Code   RO         3255    i.SysTick_Handler   stm32f10x_it.o
    0x080021ec   0x080021ec   0x00000030   Code   RO         3749    i.SysTick_Init      systick.o
    0x0800221c   0x0800221c   0x00000060   Code   RO           27    i.SystemInit        system_stm32f10x.o
    0x0800227c   0x0800227c   0x00000080   Code   RO         2326    i.TI1_Config        stm32f10x_tim.o
    0x080022fc   0x080022fc   0x00000098   Code   RO         2327    i.TI2_Config        stm32f10x_tim.o
    0x08002394   0x08002394   0x000000b0   Code   RO         3256    i.TIM3_IRQHandler   stm32f10x_it.o
    0x08002444   0x08002444   0x000000b0   Code   RO         3257    i.TIM4_IRQHandler   stm32f10x_it.o
    0x080024f4   0x080024f4   0x00000006   Code   RO         2337    i.TIM_ClearITPendingBit  stm32f10x_tim.o
    0x080024fa   0x080024fa   0x00000018   Code   RO         2342    i.TIM_Cmd           stm32f10x_tim.o
    0x08002512   0x08002512   0x0000001e   Code   RO         2344    i.TIM_CtrlPWMOutputs  stm32f10x_tim.o
    0x08002530   0x08002530   0x00000006   Code   RO         2357    i.TIM_GetCapture1   stm32f10x_tim.o
    0x08002536   0x08002536   0x00000006   Code   RO         2358    i.TIM_GetCapture2   stm32f10x_tim.o
    0x0800253c   0x0800253c   0x00000012   Code   RO         2367    i.TIM_ITConfig      stm32f10x_tim.o
    0x0800254e   0x0800254e   0x00000002   PAD
    0x08002550   0x08002550   0x00000098   Code   RO         2371    i.TIM_OC1Init       stm32f10x_tim.o
    0x080025e8   0x080025e8   0x00000012   Code   RO         2374    i.TIM_OC1PreloadConfig  stm32f10x_tim.o
    0x080025fa   0x080025fa   0x00000002   PAD
    0x080025fc   0x080025fc   0x000000a4   Code   RO         2376    i.TIM_OC2Init       stm32f10x_tim.o
    0x080026a0   0x080026a0   0x0000001a   Code   RO         2379    i.TIM_OC2PreloadConfig  stm32f10x_tim.o
    0x080026ba   0x080026ba   0x00000002   PAD
    0x080026bc   0x080026bc   0x000000a0   Code   RO         2381    i.TIM_OC3Init       stm32f10x_tim.o
    0x0800275c   0x0800275c   0x00000012   Code   RO         2384    i.TIM_OC3PreloadConfig  stm32f10x_tim.o
    0x0800276e   0x0800276e   0x00000002   PAD
    0x08002770   0x08002770   0x0000007c   Code   RO         2386    i.TIM_OC4Init       stm32f10x_tim.o
    0x080027ec   0x080027ec   0x0000001a   Code   RO         2388    i.TIM_OC4PreloadConfig  stm32f10x_tim.o
    0x08002806   0x08002806   0x0000007c   Code   RO         2390    i.TIM_PWMIConfig    stm32f10x_tim.o
    0x08002882   0x08002882   0x00000012   Code   RO         2395    i.TIM_SelectInputTrigger  stm32f10x_tim.o
    0x08002894   0x08002894   0x00000012   Code   RO         2396    i.TIM_SelectMasterSlaveMode  stm32f10x_tim.o
    0x080028a6   0x080028a6   0x00000012   Code   RO         2400    i.TIM_SelectSlaveMode  stm32f10x_tim.o
    0x080028b8   0x080028b8   0x00000012   Code   RO         2408    i.TIM_SetIC1Prescaler  stm32f10x_tim.o
    0x080028ca   0x080028ca   0x0000001a   Code   RO         2409    i.TIM_SetIC2Prescaler  stm32f10x_tim.o
    0x080028e4   0x080028e4   0x000000a4   Code   RO         2413    i.TIM_TimeBaseInit  stm32f10x_tim.o
    0x08002988   0x08002988   0x00000010   Code   RO         3984    i.TrackMove         move.o
    0x08002998   0x08002998   0x00000010   Code   RO         3985    i.TrackStop         move.o
    0x080029a8   0x080029a8   0x000000b4   Code   RO         3258    i.UART5_IRQHandler  stm32f10x_it.o
    0x08002a5c   0x08002a5c   0x000000b0   Code   RO         3259    i.USART3_IRQHandler  stm32f10x_it.o
    0x08002b0c   0x08002b0c   0x0000001e   Code   RO         2875    i.USART_ClearITPendingBit  stm32f10x_usart.o
    0x08002b2a   0x08002b2a   0x00000018   Code   RO         2878    i.USART_Cmd         stm32f10x_usart.o
    0x08002b42   0x08002b42   0x00000002   PAD
    0x08002b44   0x08002b44   0x00000118   Code   RO         3863    i.USART_Config      usart.o
    0x08002c5c   0x08002c5c   0x0000001a   Code   RO         2881    i.USART_GetFlagStatus  stm32f10x_usart.o
    0x08002c76   0x08002c76   0x00000054   Code   RO         2882    i.USART_GetITStatus  stm32f10x_usart.o
    0x08002cca   0x08002cca   0x0000004a   Code   RO         2884    i.USART_ITConfig    stm32f10x_usart.o
    0x08002d14   0x08002d14   0x000000d8   Code   RO         2885    i.USART_Init        stm32f10x_usart.o
    0x08002dec   0x08002dec   0x0000000a   Code   RO         2892    i.USART_ReceiveData  stm32f10x_usart.o
    0x08002df6   0x08002df6   0x00000008   Code   RO         2895    i.USART_SendData    stm32f10x_usart.o
    0x08002dfe   0x08002dfe   0x00000002   PAD
    0x08002e00   0x08002e00   0x00000030   Code   RO         3864    i.UartWriteBuf      usart.o
    0x08002e30   0x08002e30   0x00000004   Code   RO         3260    i.UsageFault_Handler  stm32f10x_it.o
    0x08002e34   0x08002e34   0x0000001e   Code   RO         3866    i.Usart_SendByte    usart.o
    0x08002e52   0x08002e52   0x0000000e   Code   RO         4586    i.__scatterload_copy  mc_w.l(handlers.o)
    0x08002e60   0x08002e60   0x00000002   Code   RO         4587    i.__scatterload_null  mc_w.l(handlers.o)
    0x08002e62   0x08002e62   0x0000000e   Code   RO         4588    i.__scatterload_zeroinit  mc_w.l(handlers.o)
    0x08002e70   0x08002e70   0x00000030   Code   RO         4123    i.i2c_Ack           i2c.o
    0x08002ea0   0x08002ea0   0x0000000e   Code   RO         4125    i.i2c_Delay         i2c.o
    0x08002eae   0x08002eae   0x00000002   PAD
    0x08002eb0   0x08002eb0   0x00000030   Code   RO         4126    i.i2c_GPIO_Config   i2c.o
    0x08002ee0   0x08002ee0   0x00000028   Code   RO         4127    i.i2c_NAck          i2c.o
    0x08002f08   0x08002f08   0x00000050   Code   RO         4128    i.i2c_ReadByte      i2c.o
    0x08002f58   0x08002f58   0x00000054   Code   RO         4129    i.i2c_SendByte      i2c.o
    0x08002fac   0x08002fac   0x00000030   Code   RO         4130    i.i2c_Start         i2c.o
    0x08002fdc   0x08002fdc   0x00000020   Code   RO         4131    i.i2c_Stop          i2c.o
    0x08002ffc   0x08002ffc   0x0000003c   Code   RO         4132    i.i2c_WaitAck       i2c.o
    0x08003038   0x08003038   0x00000098   Code   RO         3119    i.main              main.o
    0x080030d0   0x080030d0   0x00000074   Code   RO         3120    i.prepare           main.o
    0x08003144   0x08003144   0x00000008   Code   RO         3121    i.start             main.o
    0x0800314c   0x0800314c   0x00000020   Data   RO         4584    Region$$Table       anon$$obj.o


    Execution Region RW_IRAM1 (Exec base: 0x20000000, Load base: 0x0800316c, Size: 0x000008c0, Max: 0x00010000, ABSOLUTE, COMPRESSED[0x0000002c])

    Exec Addr    Load Addr    Size         Type   Attr      Idx    E Section Name        Object

    0x20000000   COMPRESSED   0x00000014   Data   RW           28    .data               system_stm32f10x.o
    0x20000014   COMPRESSED   0x00000014   Data   RW         1738    .data               stm32f10x_rcc.o
    0x20000028   COMPRESSED   0x000000c0   Data   RW         3123    .data               main.o
    0x200000e8   COMPRESSED   0x00000015   Data   RW         3261    .data               stm32f10x_it.o
    0x200000fd   COMPRESSED   0x00000003   PAD
    0x20000100   COMPRESSED   0x00000005   Data   RW         3870    .data               usart.o
    0x20000105   COMPRESSED   0x00000003   PAD
    0x20000108   COMPRESSED   0x000000e0   Data   RW         3988    .data               move.o
    0x200001e8        -       0x00000118   Zero   RW         3122    .bss                main.o
    0x20000300        -       0x0000017a   Zero   RW         3869    .bss                usart.o
    0x2000047a   COMPRESSED   0x00000002   PAD
    0x2000047c        -       0x00000044   Zero   RW         3987    .bss                move.o
    0x200004c0        -       0x00000400   Zero   RW            1    STACK               startup_stm32f10x_hd.o


==============================================================================

Image component sizes


      Code (inc. data)   RO Data    RW Data    ZI Data      Debug   Object Name

       836         32          0          0          0       3747   advancetim.o
         0          0          0          0          0       4508   core_cm3.o
      1636         90          0          0          0       4326   gpio.o
       454         36          0          0          0       4930   i2c.o
       780         60          0        192        280       8958   main.o
       132         22          0          0          0       1835   misc.o
      1404        182          0        224         68       6477   move.o
       270          0          0          0          0       2635   mpu6050.o
        36          8        304          0       1024        916   startup_stm32f10x_hd.o
       304          0          0          0          0       4068   stm32f10x_gpio.o
       884        146          0         21          0       7873   stm32f10x_it.o
       276         32          0         20          0       4850   stm32f10x_rcc.o
      1444        134          0          0          0      16345   stm32f10x_tim.o
       472          6          0          0          0       7439   stm32f10x_usart.o
       328         28          0         20          0     251425   system_stm32f10x.o
       192         18          0          0          0      16937   systick.o
       786         84          0          5        378       5489   usart.o

    ----------------------------------------------------------------------
     10258        878        336        488       1752     352758   Object Totals
         0          0         32          0          0          0   (incl. Generated)
        24          0          0          6          2          0   (incl. Padding)

    ----------------------------------------------------------------------

      Code (inc. data)   RO Data    RW Data    ZI Data      Debug   Library Member Name

        86          0          0          0          0          0   __dczerorl2.o
         0          0          0          0          0          0   entry.o
         0          0          0          0          0          0   entry10a.o
         0          0          0          0          0          0   entry11a.o
         8          4          0          0          0          0   entry2.o
         4          0          0          0          0          0   entry5.o
         0          0          0          0          0          0   entry7b.o
         0          0          0          0          0          0   entry8b.o
         8          4          0          0          0          0   entry9a.o
        30          0          0          0          0          0   handlers.o
        36          8          0          0          0         68   init.o
         0          0          0          0          0          0   iusefp.o
        30          0          0          0          0         68   llshl.o
        36          0          0          0          0         68   llsshr.o
        32          0          0          0          0         68   llushr.o
        36          0          0          0          0         68   memcpya.o
        48          0          0          0          0         68   cdcmple.o
        56          0          0          0          0         88   d2f.o
       334          0          0          0          0        148   dadd.o
       222          0          0          0          0        100   ddiv.o
       186          0          0          0          0        176   depilogue.o
        62          0          0          0          0         80   dfixi.o
        50          0          0          0          0         76   dfixui.o
        34          0          0          0          0         76   dflti.o
       228          0          0          0          0         96   dmul.o
       176          0          0          0          0        140   fadd.o
       124          0          0          0          0         88   fdiv.o
       110          0          0          0          0        168   fepilogue.o
        18          0          0          0          0         68   fflti.o
       100          0          0          0          0         76   fmul.o

    ----------------------------------------------------------------------
      2058         16          0          0          0       1788   Library Totals
         4          0          0          0          0          0   (incl. Padding)

    ----------------------------------------------------------------------

      Code (inc. data)   RO Data    RW Data    ZI Data      Debug   Library Name

       306         16          0          0          0        340   mc_w.l
      1748          0          0          0          0       1448   mf_w.l

    ----------------------------------------------------------------------
      2058         16          0          0          0       1788   Library Totals

    ----------------------------------------------------------------------

==============================================================================


      Code (inc. data)   RO Data    RW Data    ZI Data      Debug   

     12316        894        336        488       1752     348694   Grand Totals
     12316        894        336         44       1752     348694   ELF Image Totals (compressed)
     12316        894        336         44          0          0   ROM Totals

==============================================================================

    Total RO  Size (Code + RO Data)                12652 (  12.36kB)
    Total RW  Size (RW Data + ZI Data)              2240 (   2.19kB)
    Total ROM Size (Code + RO Data + RW Data)      12696 (  12.40kB)

==============================================================================

