<html>
<body>
<pre>
<h1>礦ision Build Log</h1>
<h2>Tool Versions:</h2>
IDE-Version: μVision V5.26.2.0
Copyright (C) 2018 ARM Ltd and ARM Germany GmbH. All rights reserved.
License Information: Yu Ruiqi, ZJU, LIC=QF82M-XHX0Z-2ZFW4-FMGV7-AFN8D-R2IKA
 
Tool Versions:
Toolchain:       MDK-ARM Plus  Version: 5.26.2.0
Toolchain Path:  D:\Keil_v5\ARM\ARMCC\Bin
C Compiler:      Armcc.exe V5.06 update 6 (build 750)
Assembler:       Armasm.exe V5.06 update 6 (build 750)
Linker/Locator:  ArmLink.exe V5.06 update 6 (build 750)
Library Manager: ArmAr.exe V5.06 update 6 (build 750)
Hex Converter:   FromElf.exe V5.06 update 6 (build 750)
CPU DLL:         SARMCM3.DLL V5.26.2.0
Dialog DLL:      DCM.DLL V1.17.2.0
Target DLL:      CMSIS_AGDI.dll V1.30.6.0
Dialog DLL:      TCM.DLL V1.36.1.0
 
<h2>Project:</h2>
C:\Users\asus\OneDrive - zju.edu.cn\ZJU\2021.11_17thZkb\ZhongkongCup2022\codeOnSTM32\Project\RVMDK（uv5）\BH-F103.uvprojx
Project File Date:  02/10/2022

<h2>Output:</h2>
*** Using Compiler 'V5.06 update 6 (build 750)', folder: 'D:\Keil_v5\ARM\ARMCC\Bin'
Build target 'LCD'
compiling Move.c...
..\..\User\AdvanceTim\AdvanceTim.h(116): warning:  #1295-D: Deprecated declaration ADVANCE_TIM_Init - give arg types
  void ADVANCE_TIM_Init();                             // TIM 总初始化
..\..\User\USART\usart.h(154): warning:  #1295-D: Deprecated declaration NanoStart - give arg types
  void NanoStart();                                                             // 向nano发送起始信号
..\..\User\USART\usart.h(160): warning:  #1295-D: Deprecated declaration NanoCatch - give arg types
  void NanoCatch();
..\..\User\main.h(43): warning:  #1295-D: Deprecated declaration NanoIOHigh - give arg types
  extern void NanoIOHigh();                // 给Nano发信号（已废弃）
..\..\User\main.h(44): warning:  #1295-D: Deprecated declaration NanoIOHigh1 - give arg types
  extern void NanoIOHigh1();               // 第一次给Nano发信号，拍照片
..\..\User\main.h(45): warning:  #1295-D: Deprecated declaration NanoIOHigh2 - give arg types
  extern void NanoIOHigh2();               // 第二次给Nano发信号，爪子张开
..\..\User\main.h(46): warning:  #1295-D: Deprecated declaration NanoIOHigh3 - give arg types
  extern void NanoIOHigh3();               // 第三次给Nano发信号，抓取
..\..\User\main.h(53): warning:  #1295-D: Deprecated declaration Test1 - give arg types
  extern void Test1();            // 1代方案测试
..\..\User\main.h(54): warning:  #1295-D: Deprecated declaration Test2 - give arg types
  extern void Test2();            // 2代方案测试
..\..\User\main.h(55): warning:  #1295-D: Deprecated declaration OneSideAction - give arg types
  extern void OneSideAction();    // 一侧货架的执行函数：向前走六格，每格进行一次识别、抓取操作
..\..\User\main.h(56): warning:  #1295-D: Deprecated declaration OneGridAction - give arg types
  extern void OneGridAction();    // 一格货架的执行函数：进行一次识别、抓取操作
..\..\User\Move\Move.c(89): warning:  #111-D: statement is unreachable
  						correct_count = 0;
..\..\User\Move\Move.c(113): warning:  #111-D: statement is unreachable
  						correct_count = 0;
..\..\User\Move\Move.c(541): warning:  #111-D: statement is unreachable
  						correct_count = 0;
..\..\User\Move\Move.c(565): warning:  #111-D: statement is unreachable
  						correct_count = 0;
..\..\User\Move\Move.c(1203): warning:  #111-D: statement is unreachable
  						correct_count = 0;
..\..\User\Move\Move.c(1227): warning:  #111-D: statement is unreachable
  						correct_count = 0;
..\..\User\Move\Move.c(1619): warning:  #111-D: statement is unreachable
  						correct_count = 0;
..\..\User\Move\Move.c(1643): warning:  #111-D: statement is unreachable
  						correct_count = 0;
..\..\User\Move\Move.c: 19 warnings, 0 errors
linking...
Program Size: Code=16972 RO-data=15536 RW-data=612 ZI-data=1780  
FromELF: creating hex file...
"..\..\Output\Template.axf" - 0 Error(s), 19 Warning(s).

<h2>Software Packages used:</h2>

Package Vendor: Keil
                http://www.keil.com/pack/Keil.STM32F1xx_DFP.2.1.0.pack
                Keil.STM32F1xx_DFP.2.1.0
                STMicroelectronics STM32F1 Series Device Support, Drivers and Examples

<h2>Collection of Component include folders:</h2>
  .\RTE\_LCD
  D:\Keil_v5\ARM\PACK\Keil\STM32F1xx_DFP\2.1.0\Device\Include

<h2>Collection of Component Files used:</h2>
Build Time Elapsed:  00:00:02
</pre>
</body>
</html>
